Archive member included to satisfy reference by file (symbol)

c:/st/stm32cubeide_1.2.0/stm32cubeide/plugins/com.st.stm32cube.ide.mcu.externaltools.gnu-tools-for-stm32.7-2018-q2-update.win32_1.0.0.201904181610/tools/bin/../lib/gcc/arm-none-eabi/7.3.1/../../../../arm-none-eabi/lib/thumb/v7-m\libc_nano.a(lib_a-exit.o)
                              c:/st/stm32cubeide_1.2.0/stm32cubeide/plugins/com.st.stm32cube.ide.mcu.externaltools.gnu-tools-for-stm32.7-2018-q2-update.win32_1.0.0.201904181610/tools/bin/../lib/gcc/arm-none-eabi/7.3.1/../../../../arm-none-eabi/lib/thumb/v7-m/crt0.o (exit)
c:/st/stm32cubeide_1.2.0/stm32cubeide/plugins/com.st.stm32cube.ide.mcu.externaltools.gnu-tools-for-stm32.7-2018-q2-update.win32_1.0.0.201904181610/tools/bin/../lib/gcc/arm-none-eabi/7.3.1/../../../../arm-none-eabi/lib/thumb/v7-m\libc_nano.a(lib_a-impure.o)
                              c:/st/stm32cubeide_1.2.0/stm32cubeide/plugins/com.st.stm32cube.ide.mcu.externaltools.gnu-tools-for-stm32.7-2018-q2-update.win32_1.0.0.201904181610/tools/bin/../lib/gcc/arm-none-eabi/7.3.1/../../../../arm-none-eabi/lib/thumb/v7-m\libc_nano.a(lib_a-exit.o) (_global_impure_ptr)
c:/st/stm32cubeide_1.2.0/stm32cubeide/plugins/com.st.stm32cube.ide.mcu.externaltools.gnu-tools-for-stm32.7-2018-q2-update.win32_1.0.0.201904181610/tools/bin/../lib/gcc/arm-none-eabi/7.3.1/../../../../arm-none-eabi/lib/thumb/v7-m\libc_nano.a(lib_a-init.o)
                              c:/st/stm32cubeide_1.2.0/stm32cubeide/plugins/com.st.stm32cube.ide.mcu.externaltools.gnu-tools-for-stm32.7-2018-q2-update.win32_1.0.0.201904181610/tools/bin/../lib/gcc/arm-none-eabi/7.3.1/../../../../arm-none-eabi/lib/thumb/v7-m/crt0.o (__libc_init_array)
c:/st/stm32cubeide_1.2.0/stm32cubeide/plugins/com.st.stm32cube.ide.mcu.externaltools.gnu-tools-for-stm32.7-2018-q2-update.win32_1.0.0.201904181610/tools/bin/../lib/gcc/arm-none-eabi/7.3.1/../../../../arm-none-eabi/lib/thumb/v7-m\libc_nano.a(lib_a-memset.o)
                              c:/st/stm32cubeide_1.2.0/stm32cubeide/plugins/com.st.stm32cube.ide.mcu.externaltools.gnu-tools-for-stm32.7-2018-q2-update.win32_1.0.0.201904181610/tools/bin/../lib/gcc/arm-none-eabi/7.3.1/../../../../arm-none-eabi/lib/thumb/v7-m/crt0.o (memset)
c:/st/stm32cubeide_1.2.0/stm32cubeide/plugins/com.st.stm32cube.ide.mcu.externaltools.gnu-tools-for-stm32.7-2018-q2-update.win32_1.0.0.201904181610/tools/bin/../lib/gcc/arm-none-eabi/7.3.1/../../../../arm-none-eabi/lib/thumb/v7-m\libnosys.a(_exit.o)
                              c:/st/stm32cubeide_1.2.0/stm32cubeide/plugins/com.st.stm32cube.ide.mcu.externaltools.gnu-tools-for-stm32.7-2018-q2-update.win32_1.0.0.201904181610/tools/bin/../lib/gcc/arm-none-eabi/7.3.1/../../../../arm-none-eabi/lib/thumb/v7-m\libc_nano.a(lib_a-exit.o) (_exit)

Allocating common symbols
Common symbol       size              file

u8SystemCounter     0x1               Core/src/scheduler.o
ai16TxBuffer        0x28              ApplicationLayer/Debug/src/debug.o
ptSensorValues      0x4               ApplicationLayer/Debug/src/debug.o
atTasks             0x20              Core/src/scheduler.o
au8RxBuffer         0x14              ApplicationLayer/Debug/src/debug.o
au16SensorsValue    0xa               ApplicationLayer/CapSensDriver/src/CapSens.o

Discarded input sections

 .text          0x0000000000000000        0x0 c:/st/stm32cubeide_1.2.0/stm32cubeide/plugins/com.st.stm32cube.ide.mcu.externaltools.gnu-tools-for-stm32.7-2018-q2-update.win32_1.0.0.201904181610/tools/bin/../lib/gcc/arm-none-eabi/7.3.1/thumb/v7-m/crti.o
 .data          0x0000000000000000        0x0 c:/st/stm32cubeide_1.2.0/stm32cubeide/plugins/com.st.stm32cube.ide.mcu.externaltools.gnu-tools-for-stm32.7-2018-q2-update.win32_1.0.0.201904181610/tools/bin/../lib/gcc/arm-none-eabi/7.3.1/thumb/v7-m/crti.o
 .bss           0x0000000000000000        0x0 c:/st/stm32cubeide_1.2.0/stm32cubeide/plugins/com.st.stm32cube.ide.mcu.externaltools.gnu-tools-for-stm32.7-2018-q2-update.win32_1.0.0.201904181610/tools/bin/../lib/gcc/arm-none-eabi/7.3.1/thumb/v7-m/crti.o
 .data          0x0000000000000000        0x4 c:/st/stm32cubeide_1.2.0/stm32cubeide/plugins/com.st.stm32cube.ide.mcu.externaltools.gnu-tools-for-stm32.7-2018-q2-update.win32_1.0.0.201904181610/tools/bin/../lib/gcc/arm-none-eabi/7.3.1/thumb/v7-m/crtbegin.o
 .text          0x0000000000000000       0x74 c:/st/stm32cubeide_1.2.0/stm32cubeide/plugins/com.st.stm32cube.ide.mcu.externaltools.gnu-tools-for-stm32.7-2018-q2-update.win32_1.0.0.201904181610/tools/bin/../lib/gcc/arm-none-eabi/7.3.1/../../../../arm-none-eabi/lib/thumb/v7-m/crt0.o
 .data          0x0000000000000000        0x0 c:/st/stm32cubeide_1.2.0/stm32cubeide/plugins/com.st.stm32cube.ide.mcu.externaltools.gnu-tools-for-stm32.7-2018-q2-update.win32_1.0.0.201904181610/tools/bin/../lib/gcc/arm-none-eabi/7.3.1/../../../../arm-none-eabi/lib/thumb/v7-m/crt0.o
[...]
Memory Configuration

Name             Origin             Length             Attributes
RAM              0x0000000020000000 0x0000000000005000 xrw
ROM              0x0000000008000000 0x0000000000010000 xr
*default*        0x0000000000000000 0xffffffffffffffff

Linker script and memory map

LOAD c:/st/stm32cubeide_1.2.0/stm32cubeide/plugins/com.st.stm32cube.ide.mcu.externaltools.gnu-tools-for-stm32.7-2018-q2-update.win32_1.0.0.201904181610/tools/bin/../lib/gcc/arm-none-eabi/7.3.1/thumb/v7-m/crti.o
LOAD c:/st/stm32cubeide_1.2.0/stm32cubeide/plugins/com.st.stm32cube.ide.mcu.externaltools.gnu-tools-for-stm32.7-2018-q2-update.win32_1.0.0.201904181610/tools/bin/../lib/gcc/arm-none-eabi/7.3.1/thumb/v7-m/crtbegin.o
LOAD c:/st/stm32cubeide_1.2.0/stm32cubeide/plugins/com.st.stm32cube.ide.mcu.externaltools.gnu-tools-for-stm32.7-2018-q2-update.win32_1.0.0.201904181610/tools/bin/../lib/gcc/arm-none-eabi/7.3.1/../../../../arm-none-eabi/lib/thumb/v7-m/crt0.o
LOAD ApplicationLayer/CapSensDriver/src/CapSens.o
LOAD ApplicationLayer/Debug/src/debug.o
LOAD ApplicationLayer/SensorProcessing/src/SensorProcessing.o
LOAD CMSIS/src/system_stm32f1xx.o
LOAD Core/src/TaskManager.o
LOAD Core/src/main.o
LOAD Core/src/scheduler.o
LOAD Core/src/stm32f1xx_it.o
LOAD LowLevelDrivers/src/stm32f1xx_ll_adc.o
LOAD LowLevelDrivers/src/stm32f1xx_ll_dma.o
LOAD LowLevelDrivers/src/stm32f1xx_ll_gpio.o
LOAD LowLevelDrivers/src/stm32f1xx_ll_rcc.o
LOAD LowLevelDrivers/src/stm32f1xx_ll_usart.o
LOAD LowLevelDrivers/src/stm32f1xx_ll_utils.o
LOAD Startup/startup_stm32f103xb.o
START GROUP
LOAD c:/st/stm32cubeide_1.2.0/stm32cubeide/plugins/com.st.stm32cube.ide.mcu.externaltools.gnu-tools-for-stm32.7-2018-q2-update.win32_1.0.0.201904181610/tools/bin/../lib/gcc/arm-none-eabi/7.3.1/../../../../arm-none-eabi/lib/thumb/v7-m\libc_nano.a
LOAD c:/st/stm32cubeide_1.2.0/stm32cubeide/plugins/com.st.stm32cube.ide.mcu.externaltools.gnu-tools-for-stm32.7-2018-q2-update.win32_1.0.0.201904181610/tools/bin/../lib/gcc/arm-none-eabi/7.3.1/../../../../arm-none-eabi/lib/thumb/v7-m\libm.a
END GROUP
START GROUP
LOAD c:/st/stm32cubeide_1.2.0/stm32cubeide/plugins/com.st.stm32cube.ide.mcu.externaltools.gnu-tools-for-stm32.7-2018-q2-update.win32_1.0.0.201904181610/tools/bin/../lib/gcc/arm-none-eabi/7.3.1/thumb/v7-m\libgcc.a
LOAD c:/st/stm32cubeide_1.2.0/stm32cubeide/plugins/com.st.stm32cube.ide.mcu.externaltools.gnu-tools-for-stm32.7-2018-q2-update.win32_1.0.0.201904181610/tools/bin/../lib/gcc/arm-none-eabi/7.3.1/../../../../arm-none-eabi/lib/thumb/v7-m\libc_nano.a
END GROUP
START GROUP
LOAD c:/st/stm32cubeide_1.2.0/stm32cubeide/plugins/com.st.stm32cube.ide.mcu.externaltools.gnu-tools-for-stm32.7-2018-q2-update.win32_1.0.0.201904181610/tools/bin/../lib/gcc/arm-none-eabi/7.3.1/thumb/v7-m\libgcc.a
LOAD c:/st/stm32cubeide_1.2.0/stm32cubeide/plugins/com.st.stm32cube.ide.mcu.externaltools.gnu-tools-for-stm32.7-2018-q2-update.win32_1.0.0.201904181610/tools/bin/../lib/gcc/arm-none-eabi/7.3.1/../../../../arm-none-eabi/lib/thumb/v7-m\libc_nano.a
LOAD c:/st/stm32cubeide_1.2.0/stm32cubeide/plugins/com.st.stm32cube.ide.mcu.externaltools.gnu-tools-for-stm32.7-2018-q2-update.win32_1.0.0.201904181610/tools/bin/../lib/gcc/arm-none-eabi/7.3.1/../../../../arm-none-eabi/lib/thumb/v7-m\libnosys.a
END GROUP
START GROUP
LOAD c:/st/stm32cubeide_1.2.0/stm32cubeide/plugins/com.st.stm32cube.ide.mcu.externaltools.gnu-tools-for-stm32.7-2018-q2-update.win32_1.0.0.201904181610/tools/bin/../lib/gcc/arm-none-eabi/7.3.1/thumb/v7-m\libgcc.a
LOAD c:/st/stm32cubeide_1.2.0/stm32cubeide/plugins/com.st.stm32cube.ide.mcu.externaltools.gnu-tools-for-stm32.7-2018-q2-update.win32_1.0.0.201904181610/tools/bin/../lib/gcc/arm-none-eabi/7.3.1/../../../../arm-none-eabi/lib/thumb/v7-m\libc_nano.a
LOAD c:/st/stm32cubeide_1.2.0/stm32cubeide/plugins/com.st.stm32cube.ide.mcu.externaltools.gnu-tools-for-stm32.7-2018-q2-update.win32_1.0.0.201904181610/tools/bin/../lib/gcc/arm-none-eabi/7.3.1/../../../../arm-none-eabi/lib/thumb/v7-m\libnosys.a
END GROUP
LOAD c:/st/stm32cubeide_1.2.0/stm32cubeide/plugins/com.st.stm32cube.ide.mcu.externaltools.gnu-tools-for-stm32.7-2018-q2-update.win32_1.0.0.201904181610/tools/bin/../lib/gcc/arm-none-eabi/7.3.1/thumb/v7-m/crtend.o
LOAD c:/st/stm32cubeide_1.2.0/stm32cubeide/plugins/com.st.stm32cube.ide.mcu.externaltools.gnu-tools-for-stm32.7-2018-q2-update.win32_1.0.0.201904181610/tools/bin/../lib/gcc/arm-none-eabi/7.3.1/thumb/v7-m/crtn.o
                0x0000000020005000                _estack = (ORIGIN (RAM) + LENGTH (RAM))
                0x0000000000000200                _Min_Heap_Size = 0x200
                0x0000000000000400                _Min_Stack_Size = 0x400

.isr_vector     0x0000000008000000      0x10c
                0x0000000008000000                . = ALIGN (0x4)
 *(.isr_vector)
 .isr_vector    0x0000000008000000      0x10c Startup/startup_stm32f103xb.o
                0x0000000008000000                g_pfnVectors
                0x000000000800010c                . = ALIGN (0x4)

.text           0x000000000800010c      0xee8
                0x000000000800010c                . = ALIGN (0x4)
 *(.text)
 .text          0x000000000800010c       0x40 c:/st/stm32cubeide_1.2.0/stm32cubeide/plugins/com.st.stm32cube.ide.mcu.externaltools.gnu-tools-for-stm32.7-2018-q2-update.win32_1.0.0.201904181610/tools/bin/../lib/gcc/arm-none-eabi/7.3.1/thumb/v7-m/crtbegin.o
 *(.text*)
 .text.CapSens_InitRoutine
                0x000000000800014c      0x35c ApplicationLayer/CapSensDriver/src/CapSens.o
                0x000000000800014c                CapSens_InitRoutine
 .text.CapSens_ChargeRoutine_2ms
                0x00000000080004a8       0xe4 ApplicationLayer/CapSensDriver/src/CapSens.o
                0x00000000080004a8                CapSens_ChargeRoutine_2ms
 .text.CapSens_ApiGetSensorsValue
                0x000000000800058c       0x1c ApplicationLayer/CapSensDriver/src/CapSens.o
                0x000000000800058c                CapSens_ApiGetSensorsValue
 .text.DMA_AdcTransferComplete_Callback
                0x00000000080005a8        0xc ApplicationLayer/CapSensDriver/src/CapSens.o
                0x00000000080005a8                DMA_AdcTransferComplete_Callback
 .text.Debug_Init
                0x00000000080005b4      0x25c ApplicationLayer/Debug/src/debug.o
                0x00000000080005b4                Debug_Init
 .text.Debug_Routine_2ms
                0x0000000008000810       0x48 ApplicationLayer/Debug/src/debug.o
                0x0000000008000810                Debug_Routine_2ms
 .text.DMA_UsartTransmitComplete_Callback
                0x0000000008000858       0x10 ApplicationLayer/Debug/src/debug.o
                0x0000000008000858                DMA_UsartTransmitComplete_Callback
 .text.DMA_UsartReceiveComplete_Callback
                0x0000000008000868       0x10 ApplicationLayer/Debug/src/debug.o
                0x0000000008000868                DMA_UsartReceiveComplete_Callback
 .text.CalculateDeltaValues
                0x0000000008000878       0x28 ApplicationLayer/SensorProcessing/src/SensorProcessing.o
 .text.FilterValuesByBuffer
                0x00000000080008a0       0x94 ApplicationLayer/SensorProcessing/src/SensorProcessing.o
 .text.Calibration
                0x0000000008000934      0x140 ApplicationLayer/SensorProcessing/src/SensorProcessing.o
 .text.SensorProcessing_Routine_2ms
                0x0000000008000a74      0x184 ApplicationLayer/SensorProcessing/src/SensorProcessing.o
                0x0000000008000a74                SensorProcessing_Routine_2ms
 .text.SensorProcessing_ApiGetSensorValues
                0x0000000008000bf8       0x14 ApplicationLayer/SensorProcessing/src/SensorProcessing.o
                0x0000000008000bf8                SensorProcessing_ApiGetSensorValues
 .text.SystemInit
                0x0000000008000c0c       0x4c CMSIS/src/system_stm32f1xx.o
                0x0000000008000c0c                SystemInit
 .text.vTask_Init
                0x0000000008000c58        0xc Core/src/TaskManager.o
                0x0000000008000c58                vTask_Init
 .text.vTask_2ms
                0x0000000008000c64       0x10 Core/src/TaskManager.o
                0x0000000008000c64                vTask_2ms
 .text.vTask_10ms_0
                0x0000000008000c74        0x2 Core/src/TaskManager.o
                0x0000000008000c74                vTask_10ms_0
 .text.vTask_10ms_1
                0x0000000008000c76        0x2 Core/src/TaskManager.o
                0x0000000008000c76                vTask_10ms_1
 .text.vTask_20ms
                0x0000000008000c78        0x2 Core/src/TaskManager.o
                0x0000000008000c78                vTask_20ms
 *fill*         0x0000000008000c7a        0x2 
 .text.Init_Clock
                0x0000000008000c7c       0x40 Core/src/main.o
                0x0000000008000c7c                Init_Clock
 .text.main     0x0000000008000cbc       0x12 Core/src/main.o
                0x0000000008000cbc                main
 *fill*         0x0000000008000cce        0x2 
 .text.vTaskInit
                0x0000000008000cd0       0x34 Core/src/scheduler.o
 .text.vScheduler_Init
                0x0000000008000d04       0x3c Core/src/scheduler.o
                0x0000000008000d04                vScheduler_Init
 .text.vScheduler
                0x0000000008000d40       0x6c Core/src/scheduler.o
                0x0000000008000d40                vScheduler
 .text.vScheduler_SysTick_Callback
                0x0000000008000dac       0x10 Core/src/scheduler.o
                0x0000000008000dac                vScheduler_SysTick_Callback
 .text.NMI_Handler
                0x0000000008000dbc        0x2 Core/src/stm32f1xx_it.o
                0x0000000008000dbc                NMI_Handler
 .text.HardFault_Handler
                0x0000000008000dbe        0x2 Core/src/stm32f1xx_it.o
                0x0000000008000dbe                HardFault_Handler
 .text.MemManage_Handler
                0x0000000008000dc0        0x2 Core/src/stm32f1xx_it.o
                0x0000000008000dc0                MemManage_Handler
 .text.BusFault_Handler
                0x0000000008000dc2        0x2 Core/src/stm32f1xx_it.o
                0x0000000008000dc2                BusFault_Handler
 .text.UsageFault_Handler
                0x0000000008000dc4        0x2 Core/src/stm32f1xx_it.o
                0x0000000008000dc4                UsageFault_Handler
 .text.SVC_Handler
                0x0000000008000dc6        0x2 Core/src/stm32f1xx_it.o
                0x0000000008000dc6                SVC_Handler
 .text.DebugMon_Handler
                0x0000000008000dc8        0x2 Core/src/stm32f1xx_it.o
                0x0000000008000dc8                DebugMon_Handler
 .text.PendSV_Handler
                0x0000000008000dca        0x2 Core/src/stm32f1xx_it.o
                0x0000000008000dca                PendSV_Handler
 .text.SysTick_Handler
                0x0000000008000dcc        0x8 Core/src/stm32f1xx_it.o
                0x0000000008000dcc                SysTick_Handler
 .text.ADC1_2_IRQHandler
                0x0000000008000dd4        0x2 Core/src/stm32f1xx_it.o
                0x0000000008000dd4                ADC1_2_IRQHandler
 *fill*         0x0000000008000dd6        0x2 
 .text.DMA1_Channel1_IRQHandler
                0x0000000008000dd8       0x20 Core/src/stm32f1xx_it.o
                0x0000000008000dd8                DMA1_Channel1_IRQHandler
 .text.DMA1_Channel5_IRQHandler
                0x0000000008000df8       0x20 Core/src/stm32f1xx_it.o
                0x0000000008000df8                DMA1_Channel5_IRQHandler
 .text.DMA1_Channel4_IRQHandler
                0x0000000008000e18       0x20 Core/src/stm32f1xx_it.o
                0x0000000008000e18                DMA1_Channel4_IRQHandler
 .text.LL_GPIO_Init
                0x0000000008000e38      0x102 LowLevelDrivers/src/stm32f1xx_ll_gpio.o
                0x0000000008000e38                LL_GPIO_Init
 *fill*         0x0000000008000f3a        0x2 
 .text.LL_SetSystemCoreClock
                0x0000000008000f3c        0xc LowLevelDrivers/src/stm32f1xx_ll_utils.o
                0x0000000008000f3c                LL_SetSystemCoreClock
 .text.Reset_Handler
                0x0000000008000f48       0x48 Startup/startup_stm32f103xb.o
                0x0000000008000f48                Reset_Handler
 .text.Default_Handler
                0x0000000008000f90        0x2 Startup/startup_stm32f103xb.o
                0x0000000008000f90                RTC_Alarm_IRQHandler
                0x0000000008000f90                EXTI2_IRQHandler
                0x0000000008000f90                TIM1_CC_IRQHandler
                0x0000000008000f90                PVD_IRQHandler
                0x0000000008000f90                EXTI3_IRQHandler
                0x0000000008000f90                EXTI0_IRQHandler
                0x0000000008000f90                I2C2_EV_IRQHandler
                0x0000000008000f90                SPI1_IRQHandler
                0x0000000008000f90                TAMPER_IRQHandler
                0x0000000008000f90                USART3_IRQHandler
                0x0000000008000f90                RTC_IRQHandler
                0x0000000008000f90                DMA1_Channel7_IRQHandler
                0x0000000008000f90                CAN1_RX1_IRQHandler
                0x0000000008000f90                TIM4_IRQHandler
                0x0000000008000f90                I2C1_EV_IRQHandler
                0x0000000008000f90                DMA1_Channel6_IRQHandler
                0x0000000008000f90                TIM3_IRQHandler
                0x0000000008000f90                RCC_IRQHandler
                0x0000000008000f90                TIM1_TRG_COM_IRQHandler
                0x0000000008000f90                Default_Handler
                0x0000000008000f90                EXTI15_10_IRQHandler
                0x0000000008000f90                EXTI9_5_IRQHandler
                0x0000000008000f90                SPI2_IRQHandler
                0x0000000008000f90                EXTI4_IRQHandler
                0x0000000008000f90                USB_LP_CAN1_RX0_IRQHandler
                0x0000000008000f90                USB_HP_CAN1_TX_IRQHandler
                0x0000000008000f90                DMA1_Channel3_IRQHandler
                0x0000000008000f90                TIM1_UP_IRQHandler
                0x0000000008000f90                WWDG_IRQHandler
                0x0000000008000f90                TIM2_IRQHandler
                0x0000000008000f90                TIM1_BRK_IRQHandler
                0x0000000008000f90                EXTI1_IRQHandler
                0x0000000008000f90                USART2_IRQHandler
                0x0000000008000f90                I2C2_ER_IRQHandler
                0x0000000008000f90                DMA1_Channel2_IRQHandler
                0x0000000008000f90                CAN1_SCE_IRQHandler
                0x0000000008000f90                FLASH_IRQHandler
                0x0000000008000f90                USART1_IRQHandler
                0x0000000008000f90                I2C1_ER_IRQHandler
                0x0000000008000f90                USBWakeUp_IRQHandler
 *fill*         0x0000000008000f92        0x2 
 .text.__libc_init_array
                0x0000000008000f94       0x48 c:/st/stm32cubeide_1.2.0/stm32cubeide/plugins/com.st.stm32cube.ide.mcu.externaltools.gnu-tools-for-stm32.7-2018-q2-update.win32_1.0.0.201904181610/tools/bin/../lib/gcc/arm-none-eabi/7.3.1/../../../../arm-none-eabi/lib/thumb/v7-m\libc_nano.a(lib_a-init.o)
                0x0000000008000f94                __libc_init_array
 *(.glue_7)
 .glue_7        0x0000000008000fdc        0x0 linker stubs
 *(.glue_7t)
 .glue_7t       0x0000000008000fdc        0x0 linker stubs
 *(.eh_frame)
 .eh_frame      0x0000000008000fdc        0x0 c:/st/stm32cubeide_1.2.0/stm32cubeide/plugins/com.st.stm32cube.ide.mcu.externaltools.gnu-tools-for-stm32.7-2018-q2-update.win32_1.0.0.201904181610/tools/bin/../lib/gcc/arm-none-eabi/7.3.1/thumb/v7-m/crtbegin.o
 *(.init)
 .init          0x0000000008000fdc        0x4 c:/st/stm32cubeide_1.2.0/stm32cubeide/plugins/com.st.stm32cube.ide.mcu.externaltools.gnu-tools-for-stm32.7-2018-q2-update.win32_1.0.0.201904181610/tools/bin/../lib/gcc/arm-none-eabi/7.3.1/thumb/v7-m/crti.o
                0x0000000008000fdc                _init
 .init          0x0000000008000fe0        0x8 c:/st/stm32cubeide_1.2.0/stm32cubeide/plugins/com.st.stm32cube.ide.mcu.externaltools.gnu-tools-for-stm32.7-2018-q2-update.win32_1.0.0.201904181610/tools/bin/../lib/gcc/arm-none-eabi/7.3.1/thumb/v7-m/crtn.o
 *(.fini)
 .fini          0x0000000008000fe8        0x4 c:/st/stm32cubeide_1.2.0/stm32cubeide/plugins/com.st.stm32cube.ide.mcu.externaltools.gnu-tools-for-stm32.7-2018-q2-update.win32_1.0.0.201904181610/tools/bin/../lib/gcc/arm-none-eabi/7.3.1/thumb/v7-m/crti.o
                0x0000000008000fe8                _fini
 .fini          0x0000000008000fec        0x8 c:/st/stm32cubeide_1.2.0/stm32cubeide/plugins/com.st.stm32cube.ide.mcu.externaltools.gnu-tools-for-stm32.7-2018-q2-update.win32_1.0.0.201904181610/tools/bin/../lib/gcc/arm-none-eabi/7.3.1/thumb/v7-m/crtn.o
                0x0000000008000ff4                . = ALIGN (0x4)
                0x0000000008000ff4                _etext = .

.vfp11_veneer   0x0000000008000ff4        0x0
 .vfp11_veneer  0x0000000008000ff4        0x0 linker stubs

.v4_bx          0x0000000008000ff4        0x0
 .v4_bx         0x0000000008000ff4        0x0 linker stubs

.iplt           0x0000000008000ff4        0x0
 .iplt          0x0000000008000ff4        0x0 c:/st/stm32cubeide_1.2.0/stm32cubeide/plugins/com.st.stm32cube.ide.mcu.externaltools.gnu-tools-for-stm32.7-2018-q2-update.win32_1.0.0.201904181610/tools/bin/../lib/gcc/arm-none-eabi/7.3.1/thumb/v7-m/crtbegin.o

.rel.dyn        0x0000000008000ff4        0x0
 .rel.iplt      0x0000000008000ff4        0x0 c:/st/stm32cubeide_1.2.0/stm32cubeide/plugins/com.st.stm32cube.ide.mcu.externaltools.gnu-tools-for-stm32.7-2018-q2-update.win32_1.0.0.201904181610/tools/bin/../lib/gcc/arm-none-eabi/7.3.1/thumb/v7-m/crtbegin.o

.rodata         0x0000000008000ff4        0x0
                0x0000000008000ff4                . = ALIGN (0x4)
 *(.rodata)
 *(.rodata*)
                0x0000000008000ff4                . = ALIGN (0x4)

.ARM.extab      0x0000000008000ff4        0x0
                0x0000000008000ff4                . = ALIGN (0x4)
 *(.ARM.extab* .gnu.linkonce.armextab.*)
                0x0000000008000ff4                . = ALIGN (0x4)

.ARM            0x0000000008000ff4        0x0
                0x0000000008000ff4                . = ALIGN (0x4)
                0x0000000008000ff4                __exidx_start = .
 *(.ARM.exidx*)
                0x0000000008000ff4                __exidx_end = .
                0x0000000008000ff4                . = ALIGN (0x4)

.preinit_array  0x0000000008000ff4        0x0
                0x0000000008000ff4                . = ALIGN (0x4)
                0x0000000008000ff4                PROVIDE (__preinit_array_start = .)
 *(.preinit_array*)
                0x0000000008000ff4                PROVIDE (__preinit_array_end = .)
                0x0000000008000ff4                . = ALIGN (0x4)

.init_array     0x0000000008000ff4        0x4
                0x0000000008000ff4                . = ALIGN (0x4)
                0x0000000008000ff4                PROVIDE (__init_array_start = .)
 *(SORT_BY_NAME(.init_array.*))
 *(.init_array*)
 .init_array    0x0000000008000ff4        0x4 c:/st/stm32cubeide_1.2.0/stm32cubeide/plugins/com.st.stm32cube.ide.mcu.externaltools.gnu-tools-for-stm32.7-2018-q2-update.win32_1.0.0.201904181610/tools/bin/../lib/gcc/arm-none-eabi/7.3.1/thumb/v7-m/crtbegin.o
                0x0000000008000ff8                PROVIDE (__init_array_end = .)
                0x0000000008000ff8                . = ALIGN (0x4)

.fini_array     0x0000000008000ff8        0x4
                0x0000000008000ff8                . = ALIGN (0x4)
                [!provide]                        PROVIDE (__fini_array_start = .)
 *(SORT_BY_NAME(.fini_array.*))
 *(.fini_array*)
 .fini_array    0x0000000008000ff8        0x4 c:/st/stm32cubeide_1.2.0/stm32cubeide/plugins/com.st.stm32cube.ide.mcu.externaltools.gnu-tools-for-stm32.7-2018-q2-update.win32_1.0.0.201904181610/tools/bin/../lib/gcc/arm-none-eabi/7.3.1/thumb/v7-m/crtbegin.o
                [!provide]                        PROVIDE (__fini_array_end = .)
                0x0000000008000ffc                . = ALIGN (0x4)
                0x0000000008000ffc                _sidata = LOADADDR (.data)

.data           0x0000000020000000       0x58 load address 0x0000000008000ffc
                0x0000000020000000                . = ALIGN (0x4)
                0x0000000020000000                _sdata = .
 *(.data)
 *(.data*)
 .data.SM       0x0000000020000000       0x50 ApplicationLayer/SensorProcessing/src/SensorProcessing.o
 .data.u8CalibrationState
                0x0000000020000050        0x1 ApplicationLayer/SensorProcessing/src/SensorProcessing.o
                0x0000000020000050                u8CalibrationState
 .data.u8DerivativeOffset.6481
                0x0000000020000051        0x1 ApplicationLayer/SensorProcessing/src/SensorProcessing.o
 *fill*         0x0000000020000052        0x2 
 .data.SystemCoreClock
                0x0000000020000054        0x4 CMSIS/src/system_stm32f1xx.o
                0x0000000020000054                SystemCoreClock
                0x0000000020000058                . = ALIGN (0x4)
                0x0000000020000058                _edata = .

.igot.plt       0x0000000020000058        0x0 load address 0x0000000008001054
 .igot.plt      0x0000000020000058        0x0 c:/st/stm32cubeide_1.2.0/stm32cubeide/plugins/com.st.stm32cube.ide.mcu.externaltools.gnu-tools-for-stm32.7-2018-q2-update.win32_1.0.0.201904181610/tools/bin/../lib/gcc/arm-none-eabi/7.3.1/thumb/v7-m/crtbegin.o
                0x0000000020000058                . = ALIGN (0x4)

.bss            0x0000000020000058      0x1d4 load address 0x0000000008001054
                0x0000000020000058                _sbss = .
                0x0000000020000058                __bss_start__ = _sbss
 *(.bss)
 .bss           0x0000000020000058       0x1c c:/st/stm32cubeide_1.2.0/stm32cubeide/plugins/com.st.stm32cube.ide.mcu.externaltools.gnu-tools-for-stm32.7-2018-q2-update.win32_1.0.0.201904181610/tools/bin/../lib/gcc/arm-none-eabi/7.3.1/thumb/v7-m/crtbegin.o
 *(.bss*)
 .bss.tConfigBottomConnection
                0x0000000020000074       0x14 ApplicationLayer/CapSensDriver/src/CapSens.o
 .bss.tConfigTopConnection
                0x0000000020000088       0x14 ApplicationLayer/CapSensDriver/src/CapSens.o
 .bss.u8DMA_ADCtransferStatus
                0x000000002000009c        0x1 ApplicationLayer/CapSensDriver/src/CapSens.o
                0x000000002000009c                u8DMA_ADCtransferStatus
 *fill*         0x000000002000009d        0x3 
 .bss.LastFilteredValues.6482
                0x00000000200000a0        0xa ApplicationLayer/SensorProcessing/src/SensorProcessing.o
 *fill*         0x00000000200000aa        0x2 
 .bss.ai16FilterBuffer.6471
                0x00000000200000ac       0xc8 ApplicationLayer/SensorProcessing/src/SensorProcessing.o
 .bss.ai32BufferSum.6472
                0x0000000020000174       0x14 ApplicationLayer/SensorProcessing/src/SensorProcessing.o
 .bss.au16FirstRawValues
                0x0000000020000188       0x14 ApplicationLayer/SensorProcessing/src/SensorProcessing.o
 .bss.au32CalibrationBuffer.6444
                0x000000002000019c       0x14 ApplicationLayer/SensorProcessing/src/SensorProcessing.o
 .bss.au8Sensors2Calibrate.6446
                0x00000000200001b0        0x5 ApplicationLayer/SensorProcessing/src/SensorProcessing.o
 .bss.u8AmountOfSensors2Calibrate.6445
                0x00000000200001b5        0x1 ApplicationLayer/SensorProcessing/src/SensorProcessing.o
 .bss.u8PositionInBuffer.6473
                0x00000000200001b6        0x1 ApplicationLayer/SensorProcessing/src/SensorProcessing.o
 .bss.u8Index.5057
                0x00000000200001b7        0x1 Core/src/scheduler.o
 .bss.u8LastCounterValue.5038
                0x00000000200001b8        0x1 Core/src/scheduler.o
 *(COMMON)
 *fill*         0x00000000200001b9        0x3 
 COMMON         0x00000000200001bc        0xa ApplicationLayer/CapSensDriver/src/CapSens.o
                0x00000000200001bc                au16SensorsValue
 *fill*         0x00000000200001c6        0x2 
 COMMON         0x00000000200001c8       0x40 ApplicationLayer/Debug/src/debug.o
                0x00000000200001c8                ai16TxBuffer
                0x00000000200001f0                ptSensorValues
                0x00000000200001f4                au8RxBuffer
 COMMON         0x0000000020000208       0x24 Core/src/scheduler.o
                0x0000000020000208                u8SystemCounter
                0x000000002000020c                atTasks
                0x000000002000022c                . = ALIGN (0x4)
                0x000000002000022c                _ebss = .
                0x000000002000022c                __bss_end__ = _ebss

._user_heap_stack
                0x000000002000022c      0x604 load address 0x0000000008001054
                0x0000000020000230                . = ALIGN (0x8)
 *fill*         0x000000002000022c        0x4 
                [!provide]                        PROVIDE (end = .)
                [!provide]                        PROVIDE (_end = .)
                0x0000000020000430                . = (. + _Min_Heap_Size)
 *fill*         0x0000000020000230      0x200 
                0x0000000020000830                . = (. + _Min_Stack_Size)
 *fill*         0x0000000020000430      0x400 
                0x0000000020000830                . = ALIGN (0x8)

/DISCARD/
 libc.a(*)
 libm.a(*)
 libgcc.a(*)

.ARM.attributes
                0x0000000000000000       0x29
 *(.ARM.attributes)
 .ARM.attributes
                0x0000000000000000       0x1d c:/st/stm32cubeide_1.2.0/stm32cubeide/plugins/com.st.stm32cube.ide.mcu.externaltools.gnu-tools-for-stm32.7-2018-q2-update.win32_1.0.0.201904181610/tools/bin/../lib/gcc/arm-none-eabi/7.3.1/thumb/v7-m/crti.o
 .ARM.attributes
                0x000000000000001d       0x2d c:/st/stm32cubeide_1.2.0/stm32cubeide/plugins/com.st.stm32cube.ide.mcu.externaltools.gnu-tools-for-stm32.7-2018-q2-update.win32_1.0.0.201904181610/tools/bin/../lib/gcc/arm-none-eabi/7.3.1/thumb/v7-m/crtbegin.o
 .ARM.attributes
                0x000000000000004a       0x33 ApplicationLayer/CapSensDriver/src/CapSens.o
 .ARM.attributes
                0x000000000000007d       0x33 ApplicationLayer/Debug/src/debug.o
 .ARM.attributes
                0x00000000000000b0       0x33 ApplicationLayer/SensorProcessing/src/SensorProcessing.o
 .ARM.attributes
                0x00000000000000e3       0x33 CMSIS/src/system_stm32f1xx.o
 .ARM.attributes
                0x0000000000000116       0x33 Core/src/TaskManager.o
 .ARM.attributes
                0x0000000000000149       0x33 Core/src/main.o
 .ARM.attributes
                0x000000000000017c       0x33 Core/src/scheduler.o
 .ARM.attributes
                0x00000000000001af       0x33 Core/src/stm32f1xx_it.o
 .ARM.attributes
                0x00000000000001e2       0x33 LowLevelDrivers/src/stm32f1xx_ll_gpio.o
 .ARM.attributes
                0x0000000000000215       0x33 LowLevelDrivers/src/stm32f1xx_ll_utils.o
 .ARM.attributes
                0x0000000000000248       0x21 Startup/startup_stm32f103xb.o
 .ARM.attributes
                0x0000000000000269       0x2d c:/st/stm32cubeide_1.2.0/stm32cubeide/plugins/com.st.stm32cube.ide.mcu.externaltools.gnu-tools-for-stm32.7-2018-q2-update.win32_1.0.0.201904181610/tools/bin/../lib/gcc/arm-none-eabi/7.3.1/../../../../arm-none-eabi/lib/thumb/v7-m\libc_nano.a(lib_a-init.o)
 .ARM.attributes
                0x0000000000000296       0x1d c:/st/stm32cubeide_1.2.0/stm32cubeide/plugins/com.st.stm32cube.ide.mcu.externaltools.gnu-tools-for-stm32.7-2018-q2-update.win32_1.0.0.201904181610/tools/bin/../lib/gcc/arm-none-eabi/7.3.1/thumb/v7-m/crtn.o
OUTPUT(SmartRC.elf elf32-littlearm)

.debug_info     0x0000000000000000     0x86d1
 .debug_info    0x0000000000000000     0x1f91 ApplicationLayer/CapSensDriver/src/CapSens.o
 .debug_info    0x0000000000001f91     0x1c77 ApplicationLayer/Debug/src/debug.o
 .debug_info    0x0000000000003c08     0x102a ApplicationLayer/SensorProcessing/src/SensorProcessing.o
 .debug_info    0x0000000000004c32      0x3e8 CMSIS/src/system_stm32f1xx.o
 .debug_info    0x000000000000501a      0xa17 Core/src/TaskManager.o
 .debug_info    0x0000000000005a31      0xbac Core/src/main.o
 .debug_info    0x00000000000065dd      0x2ec Core/src/scheduler.o
 .debug_info    0x00000000000068c9      0xc26 Core/src/stm32f1xx_it.o
 .debug_info    0x00000000000074ef      0x7f6 LowLevelDrivers/src/stm32f1xx_ll_gpio.o
 .debug_info    0x0000000000007ce5      0x9ca LowLevelDrivers/src/stm32f1xx_ll_utils.o
 .debug_info    0x00000000000086af       0x22 Startup/startup_stm32f103xb.o

.debug_abbrev   0x0000000000000000     0x17f2
 .debug_abbrev  0x0000000000000000      0x34e ApplicationLayer/CapSensDriver/src/CapSens.o
 .debug_abbrev  0x000000000000034e      0x33a ApplicationLayer/Debug/src/debug.o
 .debug_abbrev  0x0000000000000688      0x375 ApplicationLayer/SensorProcessing/src/SensorProcessing.o
 .debug_abbrev  0x00000000000009fd      0x134 CMSIS/src/system_stm32f1xx.o
 .debug_abbrev  0x0000000000000b31      0x1c0 Core/src/TaskManager.o
 .debug_abbrev  0x0000000000000cf1      0x23e Core/src/main.o
 .debug_abbrev  0x0000000000000f2f      0x1ab Core/src/scheduler.o
 .debug_abbrev  0x00000000000010da      0x218 Core/src/stm32f1xx_it.o
 .debug_abbrev  0x00000000000012f2      0x247 LowLevelDrivers/src/stm32f1xx_ll_gpio.o
 .debug_abbrev  0x0000000000001539      0x2a7 LowLevelDrivers/src/stm32f1xx_ll_utils.o
 .debug_abbrev  0x00000000000017e0       0x12 Startup/startup_stm32f103xb.o

.debug_loc      0x0000000000000000     0x2010
 .debug_loc     0x0000000000000000      0x938 ApplicationLayer/CapSensDriver/src/CapSens.o
 .debug_loc     0x0000000000000938      0x814 ApplicationLayer/Debug/src/debug.o
 .debug_loc     0x000000000000114c      0x315 ApplicationLayer/SensorProcessing/src/SensorProcessing.o
 .debug_loc     0x0000000000001461       0xf4 CMSIS/src/system_stm32f1xx.o
 .debug_loc     0x0000000000001555       0x6a Core/src/main.o
 .debug_loc     0x00000000000015bf       0xcc Core/src/scheduler.o
 .debug_loc     0x000000000000168b       0x90 Core/src/stm32f1xx_it.o
 .debug_loc     0x000000000000171b      0x36c LowLevelDrivers/src/stm32f1xx_ll_gpio.o
 .debug_loc     0x0000000000001a87      0x589 LowLevelDrivers/src/stm32f1xx_ll_utils.o

.debug_aranges  0x0000000000000000      0x2c0
 .debug_aranges
                0x0000000000000000       0x38 ApplicationLayer/CapSensDriver/src/CapSens.o
 .debug_aranges
                0x0000000000000038       0x38 ApplicationLayer/Debug/src/debug.o
 .debug_aranges
                0x0000000000000070       0x60 ApplicationLayer/SensorProcessing/src/SensorProcessing.o
 .debug_aranges
                0x00000000000000d0       0x28 CMSIS/src/system_stm32f1xx.o
 .debug_aranges
                0x00000000000000f8       0x40 Core/src/TaskManager.o
 .debug_aranges
                0x0000000000000138       0x28 Core/src/main.o
 .debug_aranges
                0x0000000000000160       0x38 Core/src/scheduler.o
 .debug_aranges
                0x0000000000000198       0x80 Core/src/stm32f1xx_it.o
 .debug_aranges
                0x0000000000000218       0x30 LowLevelDrivers/src/stm32f1xx_ll_gpio.o
 .debug_aranges
                0x0000000000000248       0x50 LowLevelDrivers/src/stm32f1xx_ll_utils.o
 .debug_aranges
                0x0000000000000298       0x28 Startup/startup_stm32f103xb.o

.debug_ranges   0x0000000000000000      0x368
 .debug_ranges  0x0000000000000000       0x28 ApplicationLayer/CapSensDriver/src/CapSens.o
 .debug_ranges  0x0000000000000028       0xe8 ApplicationLayer/Debug/src/debug.o
 .debug_ranges  0x0000000000000110       0x98 ApplicationLayer/SensorProcessing/src/SensorProcessing.o
 .debug_ranges  0x00000000000001a8       0x18 CMSIS/src/system_stm32f1xx.o
 .debug_ranges  0x00000000000001c0       0x30 Core/src/TaskManager.o
 .debug_ranges  0x00000000000001f0       0x18 Core/src/main.o
 .debug_ranges  0x0000000000000208       0x28 Core/src/scheduler.o
 .debug_ranges  0x0000000000000230       0x70 Core/src/stm32f1xx_it.o
 .debug_ranges  0x00000000000002a0       0x68 LowLevelDrivers/src/stm32f1xx_ll_gpio.o
 .debug_ranges  0x0000000000000308       0x40 LowLevelDrivers/src/stm32f1xx_ll_utils.o
 .debug_ranges  0x0000000000000348       0x20 Startup/startup_stm32f103xb.o

.debug_macro    0x0000000000000000    0x12ff2
 .debug_macro   0x0000000000000000      0x204 ApplicationLayer/CapSensDriver/src/CapSens.o
 .debug_macro   0x0000000000000204      0xa66 ApplicationLayer/CapSensDriver/src/CapSens.o
 .debug_macro   0x0000000000000c6a       0x2e ApplicationLayer/CapSensDriver/src/CapSens.o
 .debug_macro   0x0000000000000c98       0x22 ApplicationLayer/CapSensDriver/src/CapSens.o
 .debug_macro   0x0000000000000cba       0x22 ApplicationLayer/CapSensDriver/src/CapSens.o
 .debug_macro   0x0000000000000cdc       0x8e ApplicationLayer/CapSensDriver/src/CapSens.o
 .debug_macro   0x0000000000000d6a       0x51 ApplicationLayer/CapSensDriver/src/CapSens.o
 .debug_macro   0x0000000000000dbb       0xef ApplicationLayer/CapSensDriver/src/CapSens.o
 .debug_macro   0x0000000000000eaa       0x6a ApplicationLayer/CapSensDriver/src/CapSens.o
 .debug_macro   0x0000000000000f14      0x1df ApplicationLayer/CapSensDriver/src/CapSens.o
 .debug_macro   0x00000000000010f3       0x1c ApplicationLayer/CapSensDriver/src/CapSens.o
 .debug_macro   0x000000000000110f       0x22 ApplicationLayer/CapSensDriver/src/CapSens.o
 .debug_macro   0x0000000000001131       0xc3 ApplicationLayer/CapSensDriver/src/CapSens.o
 .debug_macro   0x00000000000011f4      0xd23 ApplicationLayer/CapSensDriver/src/CapSens.o
 .debug_macro   0x0000000000001f17     0xe09e ApplicationLayer/CapSensDriver/src/CapSens.o
 .debug_macro   0x000000000000ffb5       0x43 ApplicationLayer/CapSensDriver/src/CapSens.o
 .debug_macro   0x000000000000fff8       0xd7 ApplicationLayer/CapSensDriver/src/CapSens.o
 .debug_macro   0x00000000000100cf      0x2d6 ApplicationLayer/CapSensDriver/src/CapSens.o
 .debug_macro   0x00000000000103a5       0x74 ApplicationLayer/CapSensDriver/src/CapSens.o
 .debug_macro   0x0000000000010419       0x2a ApplicationLayer/CapSensDriver/src/CapSens.o
 .debug_macro   0x0000000000010443      0x22a ApplicationLayer/CapSensDriver/src/CapSens.o
 .debug_macro   0x000000000001066d      0x287 ApplicationLayer/CapSensDriver/src/CapSens.o
 .debug_macro   0x00000000000108f4       0x46 ApplicationLayer/CapSensDriver/src/CapSens.o
 .debug_macro   0x000000000001093a       0x18 ApplicationLayer/CapSensDriver/src/CapSens.o
 .debug_macro   0x0000000000010952       0x3c ApplicationLayer/CapSensDriver/src/CapSens.o
 .debug_macro   0x000000000001098e       0x34 ApplicationLayer/CapSensDriver/src/CapSens.o
 .debug_macro   0x00000000000109c2      0x174 ApplicationLayer/CapSensDriver/src/CapSens.o
 .debug_macro   0x0000000000010b36       0x52 ApplicationLayer/CapSensDriver/src/CapSens.o
 .debug_macro   0x0000000000010b88       0x1f ApplicationLayer/CapSensDriver/src/CapSens.o
 .debug_macro   0x0000000000010ba7       0x43 ApplicationLayer/CapSensDriver/src/CapSens.o
 .debug_macro   0x0000000000010bea       0x20 ApplicationLayer/CapSensDriver/src/CapSens.o
 .debug_macro   0x0000000000010c0a      0x1a3 ApplicationLayer/CapSensDriver/src/CapSens.o
 .debug_macro   0x0000000000010dad      0x32a ApplicationLayer/CapSensDriver/src/CapSens.o
 .debug_macro   0x00000000000110d7       0x10 ApplicationLayer/CapSensDriver/src/CapSens.o
 .debug_macro   0x00000000000110e7       0x35 ApplicationLayer/CapSensDriver/src/CapSens.o
 .debug_macro   0x000000000001111c       0x20 ApplicationLayer/CapSensDriver/src/CapSens.o
 .debug_macro   0x000000000001113c       0x40 ApplicationLayer/CapSensDriver/src/CapSens.o
 .debug_macro   0x000000000001117c       0x46 ApplicationLayer/CapSensDriver/src/CapSens.o
 .debug_macro   0x00000000000111c2      0x8a1 ApplicationLayer/CapSensDriver/src/CapSens.o
 .debug_macro   0x0000000000011a63      0x18c ApplicationLayer/CapSensDriver/src/CapSens.o
 .debug_macro   0x0000000000011bef      0x23a ApplicationLayer/Debug/src/debug.o
 .debug_macro   0x0000000000011e29      0x1b4 ApplicationLayer/Debug/src/debug.o
 .debug_macro   0x0000000000011fdd       0x64 ApplicationLayer/Debug/src/debug.o
 .debug_macro   0x0000000000012041       0x28 ApplicationLayer/Debug/src/debug.o
 .debug_macro   0x0000000000012069       0x6a ApplicationLayer/Debug/src/debug.o
 .debug_macro   0x00000000000120d3      0x21c ApplicationLayer/SensorProcessing/src/SensorProcessing.o
 .debug_macro   0x00000000000122ef       0x2e ApplicationLayer/SensorProcessing/src/SensorProcessing.o
 .debug_macro   0x000000000001231d       0xce CMSIS/src/system_stm32f1xx.o
 .debug_macro   0x00000000000123eb      0x25b Core/src/TaskManager.o
 .debug_macro   0x0000000000012646       0x1c Core/src/TaskManager.o
 .debug_macro   0x0000000000012662      0x1f1 Core/src/main.o
 .debug_macro   0x0000000000012853       0xe4 Core/src/scheduler.o
 .debug_macro   0x0000000000012937       0x6e Core/src/scheduler.o
 .debug_macro   0x00000000000129a5       0x16 Core/src/scheduler.o
 .debug_macro   0x00000000000129bb      0x1e8 Core/src/stm32f1xx_it.o
 .debug_macro   0x0000000000012ba3       0xf8 LowLevelDrivers/src/stm32f1xx_ll_gpio.o
 .debug_macro   0x0000000000012c9b      0x224 LowLevelDrivers/src/stm32f1xx_ll_gpio.o
 .debug_macro   0x0000000000012ebf      0x133 LowLevelDrivers/src/stm32f1xx_ll_utils.o

.debug_line     0x0000000000000000     0x4555
 .debug_line    0x0000000000000000      0x8ec ApplicationLayer/CapSensDriver/src/CapSens.o
 .debug_line    0x00000000000008ec      0x8e6 ApplicationLayer/Debug/src/debug.o
 .debug_line    0x00000000000011d2      0x8a6 ApplicationLayer/SensorProcessing/src/SensorProcessing.o
 .debug_line    0x0000000000001a78      0x458 CMSIS/src/system_stm32f1xx.o
 .debug_line    0x0000000000001ed0      0x7c6 Core/src/TaskManager.o
 .debug_line    0x0000000000002696      0x693 Core/src/main.o
 .debug_line    0x0000000000002d29      0x4c4 Core/src/scheduler.o
 .debug_line    0x00000000000031ed      0x772 Core/src/stm32f1xx_it.o
 .debug_line    0x000000000000395f      0x577 LowLevelDrivers/src/stm32f1xx_ll_gpio.o
 .debug_line    0x0000000000003ed6      0x602 LowLevelDrivers/src/stm32f1xx_ll_utils.o
 .debug_line    0x00000000000044d8       0x7d Startup/startup_stm32f103xb.o

.debug_str      0x0000000000000000    0x64c4c
 .debug_str     0x0000000000000000    0x61ece ApplicationLayer/CapSensDriver/src/CapSens.o
                                      0x62339 (size before relaxing)
 .debug_str     0x0000000000061ece     0x15eb ApplicationLayer/Debug/src/debug.o
                                      0x5cdcc (size before relaxing)
 .debug_str     0x00000000000634b9      0x416 ApplicationLayer/SensorProcessing/src/SensorProcessing.o
                                      0x5b9b9 (size before relaxing)
 .debug_str     0x00000000000638cf       0x75 CMSIS/src/system_stm32f1xx.o
                                      0x54297 (size before relaxing)
 .debug_str     0x0000000000063944       0xe8 Core/src/TaskManager.o
                                      0x62e4e (size before relaxing)
 .debug_str     0x0000000000063a2c       0xd8 Core/src/main.o
                                      0x5b400 (size before relaxing)
 .debug_str     0x0000000000063b04       0xbc Core/src/scheduler.o
                                      0x546ac (size before relaxing)
 .debug_str     0x0000000000063bc0      0x17d Core/src/stm32f1xx_it.o
                                      0x5b472 (size before relaxing)
 .debug_str     0x0000000000063d3d      0x3bc LowLevelDrivers/src/stm32f1xx_ll_gpio.o
                                      0x55b58 (size before relaxing)
 .debug_str     0x00000000000640f9      0xb24 LowLevelDrivers/src/stm32f1xx_ll_utils.o
                                      0x56399 (size before relaxing)
 .debug_str     0x0000000000064c1d       0x2f Startup/startup_stm32f103xb.o
                                         0x5a (size before relaxing)

.comment        0x0000000000000000       0x7b
 .comment       0x0000000000000000       0x7b ApplicationLayer/CapSensDriver/src/CapSens.o
                                         0x7c (size before relaxing)
 .comment       0x000000000000007b       0x7c ApplicationLayer/Debug/src/debug.o
 .comment       0x000000000000007b       0x7c ApplicationLayer/SensorProcessing/src/SensorProcessing.o
 .comment       0x000000000000007b       0x7c CMSIS/src/system_stm32f1xx.o
 .comment       0x000000000000007b       0x7c Core/src/TaskManager.o
 .comment       0x000000000000007b       0x7c Core/src/main.o
 .comment       0x000000000000007b       0x7c Core/src/scheduler.o
 .comment       0x000000000000007b       0x7c Core/src/stm32f1xx_it.o
 .comment       0x000000000000007b       0x7c LowLevelDrivers/src/stm32f1xx_ll_gpio.o
 .comment       0x000000000000007b       0x7c LowLevelDrivers/src/stm32f1xx_ll_utils.o

.debug_frame    0x0000000000000000      0x560
 .debug_frame   0x0000000000000000       0x7c ApplicationLayer/CapSensDriver/src/CapSens.o
 .debug_frame   0x000000000000007c       0x70 ApplicationLayer/Debug/src/debug.o
 .debug_frame   0x00000000000000ec       0xf0 ApplicationLayer/SensorProcessing/src/SensorProcessing.o
 .debug_frame   0x00000000000001dc       0x30 CMSIS/src/system_stm32f1xx.o
 .debug_frame   0x000000000000020c       0x70 Core/src/TaskManager.o
 .debug_frame   0x000000000000027c       0x40 Core/src/main.o
 .debug_frame   0x00000000000002bc       0x74 Core/src/scheduler.o
 .debug_frame   0x0000000000000330      0x100 Core/src/stm32f1xx_it.o
 .debug_frame   0x0000000000000430       0x58 LowLevelDrivers/src/stm32f1xx_ll_gpio.o
 .debug_frame   0x0000000000000488       0xac LowLevelDrivers/src/stm32f1xx_ll_utils.o
 .debug_frame   0x0000000000000534       0x2c c:/st/stm32cubeide_1.2.0/stm32cubeide/plugins/com.st.stm32cube.ide.mcu.externaltools.gnu-tools-for-stm32.7-2018-q2-update.win32_1.0.0.201904181610/tools/bin/../lib/gcc/arm-none-eabi/7.3.1/../../../../arm-none-eabi/lib/thumb/v7-m\libc_nano.a(lib_a-init.o)
