Archive member included to satisfy reference by file (symbol)

c:/st/stm32cubeide_1.2.0/stm32cubeide/plugins/com.st.stm32cube.ide.mcu.externaltools.gnu-tools-for-stm32.7-2018-q2-update.win32_1.0.0.201904181610/tools/bin/../lib/gcc/arm-none-eabi/7.3.1/../../../../arm-none-eabi/lib/thumb/v7-m\libc_nano.a(lib_a-exit.o)
                              c:/st/stm32cubeide_1.2.0/stm32cubeide/plugins/com.st.stm32cube.ide.mcu.externaltools.gnu-tools-for-stm32.7-2018-q2-update.win32_1.0.0.201904181610/tools/bin/../lib/gcc/arm-none-eabi/7.3.1/../../../../arm-none-eabi/lib/thumb/v7-m/crt0.o (exit)
c:/st/stm32cubeide_1.2.0/stm32cubeide/plugins/com.st.stm32cube.ide.mcu.externaltools.gnu-tools-for-stm32.7-2018-q2-update.win32_1.0.0.201904181610/tools/bin/../lib/gcc/arm-none-eabi/7.3.1/../../../../arm-none-eabi/lib/thumb/v7-m\libc_nano.a(lib_a-impure.o)
                              c:/st/stm32cubeide_1.2.0/stm32cubeide/plugins/com.st.stm32cube.ide.mcu.externaltools.gnu-tools-for-stm32.7-2018-q2-update.win32_1.0.0.201904181610/tools/bin/../lib/gcc/arm-none-eabi/7.3.1/../../../../arm-none-eabi/lib/thumb/v7-m\libc_nano.a(lib_a-exit.o) (_global_impure_ptr)
c:/st/stm32cubeide_1.2.0/stm32cubeide/plugins/com.st.stm32cube.ide.mcu.externaltools.gnu-tools-for-stm32.7-2018-q2-update.win32_1.0.0.201904181610/tools/bin/../lib/gcc/arm-none-eabi/7.3.1/../../../../arm-none-eabi/lib/thumb/v7-m\libc_nano.a(lib_a-init.o)
                              c:/st/stm32cubeide_1.2.0/stm32cubeide/plugins/com.st.stm32cube.ide.mcu.externaltools.gnu-tools-for-stm32.7-2018-q2-update.win32_1.0.0.201904181610/tools/bin/../lib/gcc/arm-none-eabi/7.3.1/../../../../arm-none-eabi/lib/thumb/v7-m/crt0.o (__libc_init_array)
c:/st/stm32cubeide_1.2.0/stm32cubeide/plugins/com.st.stm32cube.ide.mcu.externaltools.gnu-tools-for-stm32.7-2018-q2-update.win32_1.0.0.201904181610/tools/bin/../lib/gcc/arm-none-eabi/7.3.1/../../../../arm-none-eabi/lib/thumb/v7-m\libc_nano.a(lib_a-memset.o)
                              c:/st/stm32cubeide_1.2.0/stm32cubeide/plugins/com.st.stm32cube.ide.mcu.externaltools.gnu-tools-for-stm32.7-2018-q2-update.win32_1.0.0.201904181610/tools/bin/../lib/gcc/arm-none-eabi/7.3.1/../../../../arm-none-eabi/lib/thumb/v7-m/crt0.o (memset)
c:/st/stm32cubeide_1.2.0/stm32cubeide/plugins/com.st.stm32cube.ide.mcu.externaltools.gnu-tools-for-stm32.7-2018-q2-update.win32_1.0.0.201904181610/tools/bin/../lib/gcc/arm-none-eabi/7.3.1/../../../../arm-none-eabi/lib/thumb/v7-m\libnosys.a(_exit.o)
                              c:/st/stm32cubeide_1.2.0/stm32cubeide/plugins/com.st.stm32cube.ide.mcu.externaltools.gnu-tools-for-stm32.7-2018-q2-update.win32_1.0.0.201904181610/tools/bin/../lib/gcc/arm-none-eabi/7.3.1/../../../../arm-none-eabi/lib/thumb/v7-m\libc_nano.a(lib_a-exit.o) (_exit)

Allocating common symbols
Common symbol       size              file

u8SystemCounter     0x1               Core/src/scheduler.o
ai16TxBuffer        0x28              ApplicationLayer/Debug/src/debug.o
atTasks             0x20              Core/src/scheduler.o
au8RxBuffer         0x14              ApplicationLayer/Debug/src/debug.o
au16SensorsValue    0xa               ApplicationLayer/CapSensDriver/src/CapSens.o

Discarded input sections

 .text          0x0000000000000000        0x0 c:/st/stm32cubeide_1.2.0/stm32cubeide/plugins/com.st.stm32cube.ide.mcu.externaltools.gnu-tools-for-stm32.7-2018-q2-update.win32_1.0.0.201904181610/tools/bin/../lib/gcc/arm-none-eabi/7.3.1/thumb/v7-m/crti.o
 .data          0x0000000000000000        0x0 c:/st/stm32cubeide_1.2.0/stm32cubeide/plugins/com.st.stm32cube.ide.mcu.externaltools.gnu-tools-for-stm32.7-2018-q2-update.win32_1.0.0.201904181610/tools/bin/../lib/gcc/arm-none-eabi/7.3.1/thumb/v7-m/crti.o
 .bss           0x0000000000000000        0x0 c:/st/stm32cubeide_1.2.0/stm32cubeide/plugins/com.st.stm32cube.ide.mcu.externaltools.gnu-tools-for-stm32.7-2018-q2-update.win32_1.0.0.201904181610/tools/bin/../lib/gcc/arm-none-eabi/7.3.1/thumb/v7-m/crti.o
 .data          0x0000000000000000        0x4 c:/st/stm32cubeide_1.2.0/stm32cubeide/plugins/com.st.stm32cube.ide.mcu.externaltools.gnu-tools-for-stm32.7-2018-q2-update.win32_1.0.0.201904181610/tools/bin/../lib/gcc/arm-none-eabi/7.3.1/thumb/v7-m/crtbegin.o
 .text          0x0000000000000000       0x74 c:/st/stm32cubeide_1.2.0/stm32cubeide/plugins/com.st.stm32cube.ide.mcu.externaltools.gnu-tools-for-stm32.7-2018-q2-update.win32_1.0.0.201904181610/tools/bin/../lib/gcc/arm-none-eabi/7.3.1/../../../../arm-none-eabi/lib/thumb/v7-m/crt0.o
 .data          0x0000000000000000        0x0 c:/st/stm32cubeide_1.2.0/stm32cubeide/plugins/com.st.stm32cube.ide.mcu.externaltools.gnu-tools-for-stm32.7-2018-q2-update.win32_1.0.0.201904181610/tools/bin/../lib/gcc/arm-none-eabi/7.3.1/../../../../arm-none-eabi/lib/thumb/v7-m/crt0.o
[...]
Memory Configuration

Name             Origin             Length             Attributes
RAM              0x0000000020000000 0x0000000000005000 xrw
ROM              0x0000000008000000 0x0000000000010000 xr
*default*        0x0000000000000000 0xffffffffffffffff

Linker script and memory map

LOAD c:/st/stm32cubeide_1.2.0/stm32cubeide/plugins/com.st.stm32cube.ide.mcu.externaltools.gnu-tools-for-stm32.7-2018-q2-update.win32_1.0.0.201904181610/tools/bin/../lib/gcc/arm-none-eabi/7.3.1/thumb/v7-m/crti.o
LOAD c:/st/stm32cubeide_1.2.0/stm32cubeide/plugins/com.st.stm32cube.ide.mcu.externaltools.gnu-tools-for-stm32.7-2018-q2-update.win32_1.0.0.201904181610/tools/bin/../lib/gcc/arm-none-eabi/7.3.1/thumb/v7-m/crtbegin.o
LOAD c:/st/stm32cubeide_1.2.0/stm32cubeide/plugins/com.st.stm32cube.ide.mcu.externaltools.gnu-tools-for-stm32.7-2018-q2-update.win32_1.0.0.201904181610/tools/bin/../lib/gcc/arm-none-eabi/7.3.1/../../../../arm-none-eabi/lib/thumb/v7-m/crt0.o
LOAD ApplicationLayer/CapSensDriver/src/CapSens.o
LOAD ApplicationLayer/Debug/src/debug.o
LOAD ApplicationLayer/SensorProcessing/src/SensorProcessing.o
LOAD CMSIS/src/system_stm32f1xx.o
LOAD Core/src/TaskManager.o
LOAD Core/src/main.o
LOAD Core/src/scheduler.o
LOAD Core/src/stm32f1xx_it.o
LOAD LowLevelDrivers/src/stm32f1xx_ll_adc.o
LOAD LowLevelDrivers/src/stm32f1xx_ll_dma.o
LOAD LowLevelDrivers/src/stm32f1xx_ll_gpio.o
LOAD LowLevelDrivers/src/stm32f1xx_ll_rcc.o
LOAD LowLevelDrivers/src/stm32f1xx_ll_usart.o
LOAD LowLevelDrivers/src/stm32f1xx_ll_utils.o
LOAD Startup/startup_stm32f103xb.o
START GROUP
LOAD c:/st/stm32cubeide_1.2.0/stm32cubeide/plugins/com.st.stm32cube.ide.mcu.externaltools.gnu-tools-for-stm32.7-2018-q2-update.win32_1.0.0.201904181610/tools/bin/../lib/gcc/arm-none-eabi/7.3.1/../../../../arm-none-eabi/lib/thumb/v7-m\libc_nano.a
LOAD c:/st/stm32cubeide_1.2.0/stm32cubeide/plugins/com.st.stm32cube.ide.mcu.externaltools.gnu-tools-for-stm32.7-2018-q2-update.win32_1.0.0.201904181610/tools/bin/../lib/gcc/arm-none-eabi/7.3.1/../../../../arm-none-eabi/lib/thumb/v7-m\libm.a
END GROUP
START GROUP
LOAD c:/st/stm32cubeide_1.2.0/stm32cubeide/plugins/com.st.stm32cube.ide.mcu.externaltools.gnu-tools-for-stm32.7-2018-q2-update.win32_1.0.0.201904181610/tools/bin/../lib/gcc/arm-none-eabi/7.3.1/thumb/v7-m\libgcc.a
LOAD c:/st/stm32cubeide_1.2.0/stm32cubeide/plugins/com.st.stm32cube.ide.mcu.externaltools.gnu-tools-for-stm32.7-2018-q2-update.win32_1.0.0.201904181610/tools/bin/../lib/gcc/arm-none-eabi/7.3.1/../../../../arm-none-eabi/lib/thumb/v7-m\libc_nano.a
END GROUP
START GROUP
LOAD c:/st/stm32cubeide_1.2.0/stm32cubeide/plugins/com.st.stm32cube.ide.mcu.externaltools.gnu-tools-for-stm32.7-2018-q2-update.win32_1.0.0.201904181610/tools/bin/../lib/gcc/arm-none-eabi/7.3.1/thumb/v7-m\libgcc.a
LOAD c:/st/stm32cubeide_1.2.0/stm32cubeide/plugins/com.st.stm32cube.ide.mcu.externaltools.gnu-tools-for-stm32.7-2018-q2-update.win32_1.0.0.201904181610/tools/bin/../lib/gcc/arm-none-eabi/7.3.1/../../../../arm-none-eabi/lib/thumb/v7-m\libc_nano.a
LOAD c:/st/stm32cubeide_1.2.0/stm32cubeide/plugins/com.st.stm32cube.ide.mcu.externaltools.gnu-tools-for-stm32.7-2018-q2-update.win32_1.0.0.201904181610/tools/bin/../lib/gcc/arm-none-eabi/7.3.1/../../../../arm-none-eabi/lib/thumb/v7-m\libnosys.a
END GROUP
START GROUP
LOAD c:/st/stm32cubeide_1.2.0/stm32cubeide/plugins/com.st.stm32cube.ide.mcu.externaltools.gnu-tools-for-stm32.7-2018-q2-update.win32_1.0.0.201904181610/tools/bin/../lib/gcc/arm-none-eabi/7.3.1/thumb/v7-m\libgcc.a
LOAD c:/st/stm32cubeide_1.2.0/stm32cubeide/plugins/com.st.stm32cube.ide.mcu.externaltools.gnu-tools-for-stm32.7-2018-q2-update.win32_1.0.0.201904181610/tools/bin/../lib/gcc/arm-none-eabi/7.3.1/../../../../arm-none-eabi/lib/thumb/v7-m\libc_nano.a
LOAD c:/st/stm32cubeide_1.2.0/stm32cubeide/plugins/com.st.stm32cube.ide.mcu.externaltools.gnu-tools-for-stm32.7-2018-q2-update.win32_1.0.0.201904181610/tools/bin/../lib/gcc/arm-none-eabi/7.3.1/../../../../arm-none-eabi/lib/thumb/v7-m\libnosys.a
END GROUP
LOAD c:/st/stm32cubeide_1.2.0/stm32cubeide/plugins/com.st.stm32cube.ide.mcu.externaltools.gnu-tools-for-stm32.7-2018-q2-update.win32_1.0.0.201904181610/tools/bin/../lib/gcc/arm-none-eabi/7.3.1/thumb/v7-m/crtend.o
LOAD c:/st/stm32cubeide_1.2.0/stm32cubeide/plugins/com.st.stm32cube.ide.mcu.externaltools.gnu-tools-for-stm32.7-2018-q2-update.win32_1.0.0.201904181610/tools/bin/../lib/gcc/arm-none-eabi/7.3.1/thumb/v7-m/crtn.o
                0x0000000020005000                _estack = (ORIGIN (RAM) + LENGTH (RAM))
                0x0000000000000200                _Min_Heap_Size = 0x200
                0x0000000000000400                _Min_Stack_Size = 0x400

.isr_vector     0x0000000008000000      0x10c
                0x0000000008000000                . = ALIGN (0x4)
 *(.isr_vector)
 .isr_vector    0x0000000008000000      0x10c Startup/startup_stm32f103xb.o
                0x0000000008000000                g_pfnVectors
                0x000000000800010c                . = ALIGN (0x4)

.text           0x000000000800010c      0xd74
                0x000000000800010c                . = ALIGN (0x4)
 *(.text)
 .text          0x000000000800010c       0x40 c:/st/stm32cubeide_1.2.0/stm32cubeide/plugins/com.st.stm32cube.ide.mcu.externaltools.gnu-tools-for-stm32.7-2018-q2-update.win32_1.0.0.201904181610/tools/bin/../lib/gcc/arm-none-eabi/7.3.1/thumb/v7-m/crtbegin.o
 *(.text*)
 .text.CapSens_InitRoutine
                0x000000000800014c      0x35c ApplicationLayer/CapSensDriver/src/CapSens.o
                0x000000000800014c                CapSens_InitRoutine
 .text.CapSens_ChargeRoutine_2ms
                0x00000000080004a8       0xe4 ApplicationLayer/CapSensDriver/src/CapSens.o
                0x00000000080004a8                CapSens_ChargeRoutine_2ms
 .text.CapSens_ApiGetSensorsValue
                0x000000000800058c       0x1c ApplicationLayer/CapSensDriver/src/CapSens.o
                0x000000000800058c                CapSens_ApiGetSensorsValue
 .text.DMA_AdcTransferComplete_Callback
                0x00000000080005a8        0xc ApplicationLayer/CapSensDriver/src/CapSens.o
                0x00000000080005a8                DMA_AdcTransferComplete_Callback
 .text.Debug_Init
                0x00000000080005b4      0x25c ApplicationLayer/Debug/src/debug.o
                0x00000000080005b4                Debug_Init
 .text.Debug_Routine_2ms
                0x0000000008000810       0x34 ApplicationLayer/Debug/src/debug.o
                0x0000000008000810                Debug_Routine_2ms
 .text.DMA_UsartTransmitComplete_Callback
                0x0000000008000844       0x10 ApplicationLayer/Debug/src/debug.o
                0x0000000008000844                DMA_UsartTransmitComplete_Callback
 .text.DMA_UsartReceiveComplete_Callback
                0x0000000008000854       0x10 ApplicationLayer/Debug/src/debug.o
                0x0000000008000854                DMA_UsartReceiveComplete_Callback
 .text.CalculateDeltaValues
                0x0000000008000864       0x2c ApplicationLayer/SensorProcessing/src/SensorProcessing.o
 .text.FilterValuesByBuffer
                0x0000000008000890       0x94 ApplicationLayer/SensorProcessing/src/SensorProcessing.o
 .text.SensorProcessing_Routine_2ms
                0x0000000008000924      0x110 ApplicationLayer/SensorProcessing/src/SensorProcessing.o
                0x0000000008000924                SensorProcessing_Routine_2ms
 .text.SensorProcessing_ApiGetCalibrationValues
                0x0000000008000a34       0x2c ApplicationLayer/SensorProcessing/src/SensorProcessing.o
                0x0000000008000a34                SensorProcessing_ApiGetCalibrationValues
 .text.SensorProcessing_ApiGetSensorValues
                0x0000000008000a60       0x38 ApplicationLayer/SensorProcessing/src/SensorProcessing.o
                0x0000000008000a60                SensorProcessing_ApiGetSensorValues
 .text.SystemInit
                0x0000000008000a98       0x4c CMSIS/src/system_stm32f1xx.o
                0x0000000008000a98                SystemInit
 .text.vTask_Init
                0x0000000008000ae4        0xc Core/src/TaskManager.o
                0x0000000008000ae4                vTask_Init
 .text.vTask_2ms
                0x0000000008000af0       0x10 Core/src/TaskManager.o
                0x0000000008000af0                vTask_2ms
 .text.vTask_10ms_0
                0x0000000008000b00        0x2 Core/src/TaskManager.o
                0x0000000008000b00                vTask_10ms_0
 .text.vTask_10ms_1
                0x0000000008000b02        0x2 Core/src/TaskManager.o
                0x0000000008000b02                vTask_10ms_1
 .text.vTask_20ms
                0x0000000008000b04        0x2 Core/src/TaskManager.o
                0x0000000008000b04                vTask_20ms
 *fill*         0x0000000008000b06        0x2 
 .text.Init_Clock
                0x0000000008000b08       0x40 Core/src/main.o
                0x0000000008000b08                Init_Clock
 .text.main     0x0000000008000b48       0x12 Core/src/main.o
                0x0000000008000b48                main
 *fill*         0x0000000008000b5a        0x2 
 .text.vTaskInit
                0x0000000008000b5c       0x34 Core/src/scheduler.o
 .text.vScheduler_Init
                0x0000000008000b90       0x3c Core/src/scheduler.o
                0x0000000008000b90                vScheduler_Init
 .text.vScheduler
                0x0000000008000bcc       0x6c Core/src/scheduler.o
                0x0000000008000bcc                vScheduler
 .text.vScheduler_SysTick_Callback
                0x0000000008000c38       0x10 Core/src/scheduler.o
                0x0000000008000c38                vScheduler_SysTick_Callback
 .text.NMI_Handler
                0x0000000008000c48        0x2 Core/src/stm32f1xx_it.o
                0x0000000008000c48                NMI_Handler
 .text.HardFault_Handler
                0x0000000008000c4a        0x2 Core/src/stm32f1xx_it.o
                0x0000000008000c4a                HardFault_Handler
 .text.MemManage_Handler
                0x0000000008000c4c        0x2 Core/src/stm32f1xx_it.o
                0x0000000008000c4c                MemManage_Handler
 .text.BusFault_Handler
                0x0000000008000c4e        0x2 Core/src/stm32f1xx_it.o
                0x0000000008000c4e                BusFault_Handler
 .text.UsageFault_Handler
                0x0000000008000c50        0x2 Core/src/stm32f1xx_it.o
                0x0000000008000c50                UsageFault_Handler
 .text.SVC_Handler
                0x0000000008000c52        0x2 Core/src/stm32f1xx_it.o
                0x0000000008000c52                SVC_Handler
 .text.DebugMon_Handler
                0x0000000008000c54        0x2 Core/src/stm32f1xx_it.o
                0x0000000008000c54                DebugMon_Handler
 .text.PendSV_Handler
                0x0000000008000c56        0x2 Core/src/stm32f1xx_it.o
                0x0000000008000c56                PendSV_Handler
 .text.SysTick_Handler
                0x0000000008000c58        0x8 Core/src/stm32f1xx_it.o
                0x0000000008000c58                SysTick_Handler
 .text.ADC1_2_IRQHandler
                0x0000000008000c60        0x2 Core/src/stm32f1xx_it.o
                0x0000000008000c60                ADC1_2_IRQHandler
 *fill*         0x0000000008000c62        0x2 
 .text.DMA1_Channel1_IRQHandler
                0x0000000008000c64       0x20 Core/src/stm32f1xx_it.o
                0x0000000008000c64                DMA1_Channel1_IRQHandler
 .text.DMA1_Channel5_IRQHandler
                0x0000000008000c84       0x20 Core/src/stm32f1xx_it.o
                0x0000000008000c84                DMA1_Channel5_IRQHandler
 .text.DMA1_Channel4_IRQHandler
                0x0000000008000ca4       0x20 Core/src/stm32f1xx_it.o
                0x0000000008000ca4                DMA1_Channel4_IRQHandler
 .text.LL_GPIO_Init
                0x0000000008000cc4      0x102 LowLevelDrivers/src/stm32f1xx_ll_gpio.o
                0x0000000008000cc4                LL_GPIO_Init
 *fill*         0x0000000008000dc6        0x2 
 .text.LL_SetSystemCoreClock
                0x0000000008000dc8        0xc LowLevelDrivers/src/stm32f1xx_ll_utils.o
                0x0000000008000dc8                LL_SetSystemCoreClock
 .text.Reset_Handler
                0x0000000008000dd4       0x48 Startup/startup_stm32f103xb.o
                0x0000000008000dd4                Reset_Handler
 .text.Default_Handler
                0x0000000008000e1c        0x2 Startup/startup_stm32f103xb.o
                0x0000000008000e1c                RTC_Alarm_IRQHandler
                0x0000000008000e1c                EXTI2_IRQHandler
                0x0000000008000e1c                TIM1_CC_IRQHandler
                0x0000000008000e1c                PVD_IRQHandler
                0x0000000008000e1c                EXTI3_IRQHandler
                0x0000000008000e1c                EXTI0_IRQHandler
                0x0000000008000e1c                I2C2_EV_IRQHandler
                0x0000000008000e1c                SPI1_IRQHandler
                0x0000000008000e1c                TAMPER_IRQHandler
                0x0000000008000e1c                USART3_IRQHandler
                0x0000000008000e1c                RTC_IRQHandler
                0x0000000008000e1c                DMA1_Channel7_IRQHandler
                0x0000000008000e1c                CAN1_RX1_IRQHandler
                0x0000000008000e1c                TIM4_IRQHandler
                0x0000000008000e1c                I2C1_EV_IRQHandler
                0x0000000008000e1c                DMA1_Channel6_IRQHandler
                0x0000000008000e1c                TIM3_IRQHandler
                0x0000000008000e1c                RCC_IRQHandler
                0x0000000008000e1c                TIM1_TRG_COM_IRQHandler
                0x0000000008000e1c                Default_Handler
                0x0000000008000e1c                EXTI15_10_IRQHandler
                0x0000000008000e1c                EXTI9_5_IRQHandler
                0x0000000008000e1c                SPI2_IRQHandler
                0x0000000008000e1c                EXTI4_IRQHandler
                0x0000000008000e1c                USB_LP_CAN1_RX0_IRQHandler
                0x0000000008000e1c                USB_HP_CAN1_TX_IRQHandler
                0x0000000008000e1c                DMA1_Channel3_IRQHandler
                0x0000000008000e1c                TIM1_UP_IRQHandler
                0x0000000008000e1c                WWDG_IRQHandler
                0x0000000008000e1c                TIM2_IRQHandler
                0x0000000008000e1c                TIM1_BRK_IRQHandler
                0x0000000008000e1c                EXTI1_IRQHandler
                0x0000000008000e1c                USART2_IRQHandler
                0x0000000008000e1c                I2C2_ER_IRQHandler
                0x0000000008000e1c                DMA1_Channel2_IRQHandler
                0x0000000008000e1c                CAN1_SCE_IRQHandler
                0x0000000008000e1c                FLASH_IRQHandler
                0x0000000008000e1c                USART1_IRQHandler
                0x0000000008000e1c                I2C1_ER_IRQHandler
                0x0000000008000e1c                USBWakeUp_IRQHandler
 *fill*         0x0000000008000e1e        0x2 
 .text.__libc_init_array
                0x0000000008000e20       0x48 c:/st/stm32cubeide_1.2.0/stm32cubeide/plugins/com.st.stm32cube.ide.mcu.externaltools.gnu-tools-for-stm32.7-2018-q2-update.win32_1.0.0.201904181610/tools/bin/../lib/gcc/arm-none-eabi/7.3.1/../../../../arm-none-eabi/lib/thumb/v7-m\libc_nano.a(lib_a-init.o)
                0x0000000008000e20                __libc_init_array
 *(.glue_7)
 .glue_7        0x0000000008000e68        0x0 linker stubs
 *(.glue_7t)
 .glue_7t       0x0000000008000e68        0x0 linker stubs
 *(.eh_frame)
 .eh_frame      0x0000000008000e68        0x0 c:/st/stm32cubeide_1.2.0/stm32cubeide/plugins/com.st.stm32cube.ide.mcu.externaltools.gnu-tools-for-stm32.7-2018-q2-update.win32_1.0.0.201904181610/tools/bin/../lib/gcc/arm-none-eabi/7.3.1/thumb/v7-m/crtbegin.o
 *(.init)
 .init          0x0000000008000e68        0x4 c:/st/stm32cubeide_1.2.0/stm32cubeide/plugins/com.st.stm32cube.ide.mcu.externaltools.gnu-tools-for-stm32.7-2018-q2-update.win32_1.0.0.201904181610/tools/bin/../lib/gcc/arm-none-eabi/7.3.1/thumb/v7-m/crti.o
                0x0000000008000e68                _init
 .init          0x0000000008000e6c        0x8 c:/st/stm32cubeide_1.2.0/stm32cubeide/plugins/com.st.stm32cube.ide.mcu.externaltools.gnu-tools-for-stm32.7-2018-q2-update.win32_1.0.0.201904181610/tools/bin/../lib/gcc/arm-none-eabi/7.3.1/thumb/v7-m/crtn.o
 *(.fini)
 .fini          0x0000000008000e74        0x4 c:/st/stm32cubeide_1.2.0/stm32cubeide/plugins/com.st.stm32cube.ide.mcu.externaltools.gnu-tools-for-stm32.7-2018-q2-update.win32_1.0.0.201904181610/tools/bin/../lib/gcc/arm-none-eabi/7.3.1/thumb/v7-m/crti.o
                0x0000000008000e74                _fini
 .fini          0x0000000008000e78        0x8 c:/st/stm32cubeide_1.2.0/stm32cubeide/plugins/com.st.stm32cube.ide.mcu.externaltools.gnu-tools-for-stm32.7-2018-q2-update.win32_1.0.0.201904181610/tools/bin/../lib/gcc/arm-none-eabi/7.3.1/thumb/v7-m/crtn.o
                0x0000000008000e80                . = ALIGN (0x4)
                0x0000000008000e80                _etext = .

.vfp11_veneer   0x0000000008000e80        0x0
 .vfp11_veneer  0x0000000008000e80        0x0 linker stubs

.v4_bx          0x0000000008000e80        0x0
 .v4_bx         0x0000000008000e80        0x0 linker stubs

.iplt           0x0000000008000e80        0x0
 .iplt          0x0000000008000e80        0x0 c:/st/stm32cubeide_1.2.0/stm32cubeide/plugins/com.st.stm32cube.ide.mcu.externaltools.gnu-tools-for-stm32.7-2018-q2-update.win32_1.0.0.201904181610/tools/bin/../lib/gcc/arm-none-eabi/7.3.1/thumb/v7-m/crtbegin.o

.rel.dyn        0x0000000008000e80        0x0
 .rel.iplt      0x0000000008000e80        0x0 c:/st/stm32cubeide_1.2.0/stm32cubeide/plugins/com.st.stm32cube.ide.mcu.externaltools.gnu-tools-for-stm32.7-2018-q2-update.win32_1.0.0.201904181610/tools/bin/../lib/gcc/arm-none-eabi/7.3.1/thumb/v7-m/crtbegin.o

.rodata         0x0000000008000e80        0x0
                0x0000000008000e80                . = ALIGN (0x4)
 *(.rodata)
 *(.rodata*)
                0x0000000008000e80                . = ALIGN (0x4)

.ARM.extab      0x0000000008000e80        0x0
                0x0000000008000e80                . = ALIGN (0x4)
 *(.ARM.extab* .gnu.linkonce.armextab.*)
                0x0000000008000e80                . = ALIGN (0x4)

.ARM            0x0000000008000e80        0x0
                0x0000000008000e80                . = ALIGN (0x4)
                0x0000000008000e80                __exidx_start = .
 *(.ARM.exidx*)
                0x0000000008000e80                __exidx_end = .
                0x0000000008000e80                . = ALIGN (0x4)

.preinit_array  0x0000000008000e80        0x0
                0x0000000008000e80                . = ALIGN (0x4)
                0x0000000008000e80                PROVIDE (__preinit_array_start = .)
 *(.preinit_array*)
                0x0000000008000e80                PROVIDE (__preinit_array_end = .)
                0x0000000008000e80                . = ALIGN (0x4)

.init_array     0x0000000008000e80        0x4
                0x0000000008000e80                . = ALIGN (0x4)
                0x0000000008000e80                PROVIDE (__init_array_start = .)
 *(SORT_BY_NAME(.init_array.*))
 *(.init_array*)
 .init_array    0x0000000008000e80        0x4 c:/st/stm32cubeide_1.2.0/stm32cubeide/plugins/com.st.stm32cube.ide.mcu.externaltools.gnu-tools-for-stm32.7-2018-q2-update.win32_1.0.0.201904181610/tools/bin/../lib/gcc/arm-none-eabi/7.3.1/thumb/v7-m/crtbegin.o
                0x0000000008000e84                PROVIDE (__init_array_end = .)
                0x0000000008000e84                . = ALIGN (0x4)

.fini_array     0x0000000008000e84        0x4
                0x0000000008000e84                . = ALIGN (0x4)
                [!provide]                        PROVIDE (__fini_array_start = .)
 *(SORT_BY_NAME(.fini_array.*))
 *(.fini_array*)
 .fini_array    0x0000000008000e84        0x4 c:/st/stm32cubeide_1.2.0/stm32cubeide/plugins/com.st.stm32cube.ide.mcu.externaltools.gnu-tools-for-stm32.7-2018-q2-update.win32_1.0.0.201904181610/tools/bin/../lib/gcc/arm-none-eabi/7.3.1/thumb/v7-m/crtbegin.o
                [!provide]                        PROVIDE (__fini_array_end = .)
                0x0000000008000e88                . = ALIGN (0x4)
                0x0000000008000e88                _sidata = LOADADDR (.data)

.data           0x0000000020000000       0x3c load address 0x0000000008000e88
                0x0000000020000000                . = ALIGN (0x4)
                0x0000000020000000                _sdata = .
 *(.data)
 *(.data*)
 .data.SM       0x0000000020000000       0x36 ApplicationLayer/SensorProcessing/src/SensorProcessing.o
                0x0000000020000000                SM
 *fill*         0x0000000020000036        0x2 
 .data.SystemCoreClock
                0x0000000020000038        0x4 CMSIS/src/system_stm32f1xx.o
                0x0000000020000038                SystemCoreClock
                0x000000002000003c                . = ALIGN (0x4)
                0x000000002000003c                _edata = .

.igot.plt       0x000000002000003c        0x0 load address 0x0000000008000ec4
 .igot.plt      0x000000002000003c        0x0 c:/st/stm32cubeide_1.2.0/stm32cubeide/plugins/com.st.stm32cube.ide.mcu.externaltools.gnu-tools-for-stm32.7-2018-q2-update.win32_1.0.0.201904181610/tools/bin/../lib/gcc/arm-none-eabi/7.3.1/thumb/v7-m/crtbegin.o
                0x000000002000003c                . = ALIGN (0x4)

.bss            0x000000002000003c      0x150 load address 0x0000000008000ec4
                0x000000002000003c                _sbss = .
                0x000000002000003c                __bss_start__ = _sbss
 *(.bss)
 .bss           0x000000002000003c       0x1c c:/st/stm32cubeide_1.2.0/stm32cubeide/plugins/com.st.stm32cube.ide.mcu.externaltools.gnu-tools-for-stm32.7-2018-q2-update.win32_1.0.0.201904181610/tools/bin/../lib/gcc/arm-none-eabi/7.3.1/thumb/v7-m/crtbegin.o
 *(.bss*)
 .bss.tConfigBottomConnection
                0x0000000020000058       0x14 ApplicationLayer/CapSensDriver/src/CapSens.o
 .bss.tConfigTopConnection
                0x000000002000006c       0x14 ApplicationLayer/CapSensDriver/src/CapSens.o
 .bss.u8DMA_ADCtransferStatus
                0x0000000020000080        0x1 ApplicationLayer/CapSensDriver/src/CapSens.o
                0x0000000020000080                u8DMA_ADCtransferStatus
 *fill*         0x0000000020000081        0x3 
 .bss.LastFilteredValues.6028
                0x0000000020000084        0xa ApplicationLayer/SensorProcessing/src/SensorProcessing.o
 *fill*         0x000000002000008e        0x2 
 .bss.ai16FilterBuffer.6018
                0x0000000020000090       0x64 ApplicationLayer/SensorProcessing/src/SensorProcessing.o
 .bss.ai32BufferSum.6019
                0x00000000200000f4       0x14 ApplicationLayer/SensorProcessing/src/SensorProcessing.o
 .bss.au16FirstRawValues
                0x0000000020000108       0x14 ApplicationLayer/SensorProcessing/src/SensorProcessing.o
 .bss.i.6036    0x000000002000011c        0x1 ApplicationLayer/SensorProcessing/src/SensorProcessing.o
 .bss.u8PositionInBuffer.6020
                0x000000002000011d        0x1 ApplicationLayer/SensorProcessing/src/SensorProcessing.o
 .bss.u8Index.5057
                0x000000002000011e        0x1 Core/src/scheduler.o
 .bss.u8LastCounterValue.5038
                0x000000002000011f        0x1 Core/src/scheduler.o
 *(COMMON)
 COMMON         0x0000000020000120        0xa ApplicationLayer/CapSensDriver/src/CapSens.o
                0x0000000020000120                au16SensorsValue
 *fill*         0x000000002000012a        0x2 
 COMMON         0x000000002000012c       0x3c ApplicationLayer/Debug/src/debug.o
                0x000000002000012c                ai16TxBuffer
                0x0000000020000154                au8RxBuffer
 COMMON         0x0000000020000168       0x24 Core/src/scheduler.o
                0x0000000020000168                u8SystemCounter
                0x000000002000016c                atTasks
                0x000000002000018c                . = ALIGN (0x4)
                0x000000002000018c                _ebss = .
                0x000000002000018c                __bss_end__ = _ebss

._user_heap_stack
                0x000000002000018c      0x604 load address 0x0000000008000ec4
                0x0000000020000190                . = ALIGN (0x8)
 *fill*         0x000000002000018c        0x4 
                [!provide]                        PROVIDE (end = .)
                [!provide]                        PROVIDE (_end = .)
                0x0000000020000390                . = (. + _Min_Heap_Size)
 *fill*         0x0000000020000190      0x200 
                0x0000000020000790                . = (. + _Min_Stack_Size)
 *fill*         0x0000000020000390      0x400 
                0x0000000020000790                . = ALIGN (0x8)

/DISCARD/
 libc.a(*)
 libm.a(*)
 libgcc.a(*)

.ARM.attributes
                0x0000000000000000       0x29
 *(.ARM.attributes)
 .ARM.attributes
                0x0000000000000000       0x1d c:/st/stm32cubeide_1.2.0/stm32cubeide/plugins/com.st.stm32cube.ide.mcu.externaltools.gnu-tools-for-stm32.7-2018-q2-update.win32_1.0.0.201904181610/tools/bin/../lib/gcc/arm-none-eabi/7.3.1/thumb/v7-m/crti.o
 .ARM.attributes
                0x000000000000001d       0x2d c:/st/stm32cubeide_1.2.0/stm32cubeide/plugins/com.st.stm32cube.ide.mcu.externaltools.gnu-tools-for-stm32.7-2018-q2-update.win32_1.0.0.201904181610/tools/bin/../lib/gcc/arm-none-eabi/7.3.1/thumb/v7-m/crtbegin.o
 .ARM.attributes
                0x000000000000004a       0x33 ApplicationLayer/CapSensDriver/src/CapSens.o
 .ARM.attributes
                0x000000000000007d       0x33 ApplicationLayer/Debug/src/debug.o
 .ARM.attributes
                0x00000000000000b0       0x33 ApplicationLayer/SensorProcessing/src/SensorProcessing.o
 .ARM.attributes
                0x00000000000000e3       0x33 CMSIS/src/system_stm32f1xx.o
 .ARM.attributes
                0x0000000000000116       0x33 Core/src/TaskManager.o
 .ARM.attributes
                0x0000000000000149       0x33 Core/src/main.o
 .ARM.attributes
                0x000000000000017c       0x33 Core/src/scheduler.o
 .ARM.attributes
                0x00000000000001af       0x33 Core/src/stm32f1xx_it.o
 .ARM.attributes
                0x00000000000001e2       0x33 LowLevelDrivers/src/stm32f1xx_ll_gpio.o
 .ARM.attributes
                0x0000000000000215       0x33 LowLevelDrivers/src/stm32f1xx_ll_utils.o
 .ARM.attributes
                0x0000000000000248       0x21 Startup/startup_stm32f103xb.o
 .ARM.attributes
                0x0000000000000269       0x2d c:/st/stm32cubeide_1.2.0/stm32cubeide/plugins/com.st.stm32cube.ide.mcu.externaltools.gnu-tools-for-stm32.7-2018-q2-update.win32_1.0.0.201904181610/tools/bin/../lib/gcc/arm-none-eabi/7.3.1/../../../../arm-none-eabi/lib/thumb/v7-m\libc_nano.a(lib_a-init.o)
 .ARM.attributes
                0x0000000000000296       0x1d c:/st/stm32cubeide_1.2.0/stm32cubeide/plugins/com.st.stm32cube.ide.mcu.externaltools.gnu-tools-for-stm32.7-2018-q2-update.win32_1.0.0.201904181610/tools/bin/../lib/gcc/arm-none-eabi/7.3.1/thumb/v7-m/crtn.o
OUTPUT(SmartRC.elf elf32-littlearm)

.debug_info     0x0000000000000000     0x633f
 .debug_info    0x0000000000000000     0x1778 ApplicationLayer/CapSensDriver/src/CapSens.o
 .debug_info    0x0000000000001778     0x1c16 ApplicationLayer/Debug/src/debug.o
 .debug_info    0x000000000000338e      0x544 ApplicationLayer/SensorProcessing/src/SensorProcessing.o
 .debug_info    0x00000000000038d2      0x3e8 CMSIS/src/system_stm32f1xx.o
 .debug_info    0x0000000000003cba      0xa17 Core/src/TaskManager.o
 .debug_info    0x00000000000046d1      0x393 Core/src/main.o
 .debug_info    0x0000000000004a64      0x2ec Core/src/scheduler.o
 .debug_info    0x0000000000004d50      0x40d Core/src/stm32f1xx_it.o
 .debug_info    0x000000000000515d      0x7f6 LowLevelDrivers/src/stm32f1xx_ll_gpio.o
 .debug_info    0x0000000000005953      0x9ca LowLevelDrivers/src/stm32f1xx_ll_utils.o
 .debug_info    0x000000000000631d       0x22 Startup/startup_stm32f103xb.o

.debug_abbrev   0x0000000000000000     0x14a7
 .debug_abbrev  0x0000000000000000      0x2c6 ApplicationLayer/CapSensDriver/src/CapSens.o
 .debug_abbrev  0x00000000000002c6      0x347 ApplicationLayer/Debug/src/debug.o
 .debug_abbrev  0x000000000000060d      0x214 ApplicationLayer/SensorProcessing/src/SensorProcessing.o
 .debug_abbrev  0x0000000000000821      0x134 CMSIS/src/system_stm32f1xx.o
 .debug_abbrev  0x0000000000000955      0x1c0 Core/src/TaskManager.o
 .debug_abbrev  0x0000000000000b15      0x182 Core/src/main.o
 .debug_abbrev  0x0000000000000c97      0x1ab Core/src/scheduler.o
 .debug_abbrev  0x0000000000000e42      0x165 Core/src/stm32f1xx_it.o
 .debug_abbrev  0x0000000000000fa7      0x247 LowLevelDrivers/src/stm32f1xx_ll_gpio.o
 .debug_abbrev  0x00000000000011ee      0x2a7 LowLevelDrivers/src/stm32f1xx_ll_utils.o
 .debug_abbrev  0x0000000000001495       0x12 Startup/startup_stm32f103xb.o

.debug_loc      0x0000000000000000     0x1deb
 .debug_loc     0x0000000000000000      0x938 ApplicationLayer/CapSensDriver/src/CapSens.o
 .debug_loc     0x0000000000000938      0x814 ApplicationLayer/Debug/src/debug.o
 .debug_loc     0x000000000000114c       0xf0 ApplicationLayer/SensorProcessing/src/SensorProcessing.o
 .debug_loc     0x000000000000123c       0xf4 CMSIS/src/system_stm32f1xx.o
 .debug_loc     0x0000000000001330       0x6a Core/src/main.o
 .debug_loc     0x000000000000139a       0xcc Core/src/scheduler.o
 .debug_loc     0x0000000000001466       0x90 Core/src/stm32f1xx_it.o
 .debug_loc     0x00000000000014f6      0x36c LowLevelDrivers/src/stm32f1xx_ll_gpio.o
 .debug_loc     0x0000000000001862      0x589 LowLevelDrivers/src/stm32f1xx_ll_utils.o

.debug_aranges  0x0000000000000000      0x2b0
 .debug_aranges
                0x0000000000000000       0x38 ApplicationLayer/CapSensDriver/src/CapSens.o
 .debug_aranges
                0x0000000000000038       0x38 ApplicationLayer/Debug/src/debug.o
 .debug_aranges
                0x0000000000000070       0x50 ApplicationLayer/SensorProcessing/src/SensorProcessing.o
 .debug_aranges
                0x00000000000000c0       0x28 CMSIS/src/system_stm32f1xx.o
 .debug_aranges
                0x00000000000000e8       0x40 Core/src/TaskManager.o
 .debug_aranges
                0x0000000000000128       0x28 Core/src/main.o
 .debug_aranges
                0x0000000000000150       0x38 Core/src/scheduler.o
 .debug_aranges
                0x0000000000000188       0x80 Core/src/stm32f1xx_it.o
 .debug_aranges
                0x0000000000000208       0x30 LowLevelDrivers/src/stm32f1xx_ll_gpio.o
 .debug_aranges
                0x0000000000000238       0x50 LowLevelDrivers/src/stm32f1xx_ll_utils.o
 .debug_aranges
                0x0000000000000288       0x28 Startup/startup_stm32f103xb.o

.debug_ranges   0x0000000000000000      0x328
 .debug_ranges  0x0000000000000000       0x28 ApplicationLayer/CapSensDriver/src/CapSens.o
 .debug_ranges  0x0000000000000028       0xe8 ApplicationLayer/Debug/src/debug.o
 .debug_ranges  0x0000000000000110       0x58 ApplicationLayer/SensorProcessing/src/SensorProcessing.o
 .debug_ranges  0x0000000000000168       0x18 CMSIS/src/system_stm32f1xx.o
 .debug_ranges  0x0000000000000180       0x30 Core/src/TaskManager.o
 .debug_ranges  0x00000000000001b0       0x18 Core/src/main.o
 .debug_ranges  0x00000000000001c8       0x28 Core/src/scheduler.o
 .debug_ranges  0x00000000000001f0       0x70 Core/src/stm32f1xx_it.o
 .debug_ranges  0x0000000000000260       0x68 LowLevelDrivers/src/stm32f1xx_ll_gpio.o
 .debug_ranges  0x00000000000002c8       0x40 LowLevelDrivers/src/stm32f1xx_ll_utils.o
 .debug_ranges  0x0000000000000308       0x20 Startup/startup_stm32f103xb.o

.debug_macro    0x0000000000000000    0x12c06
 .debug_macro   0x0000000000000000      0x13e ApplicationLayer/CapSensDriver/src/CapSens.o
 .debug_macro   0x000000000000013e      0xa66 ApplicationLayer/CapSensDriver/src/CapSens.o
 .debug_macro   0x0000000000000ba4       0x2e ApplicationLayer/CapSensDriver/src/CapSens.o
 .debug_macro   0x0000000000000bd2       0x22 ApplicationLayer/CapSensDriver/src/CapSens.o
 .debug_macro   0x0000000000000bf4       0x22 ApplicationLayer/CapSensDriver/src/CapSens.o
 .debug_macro   0x0000000000000c16       0x8e ApplicationLayer/CapSensDriver/src/CapSens.o
 .debug_macro   0x0000000000000ca4       0x51 ApplicationLayer/CapSensDriver/src/CapSens.o
 .debug_macro   0x0000000000000cf5       0xef ApplicationLayer/CapSensDriver/src/CapSens.o
 .debug_macro   0x0000000000000de4       0x6a ApplicationLayer/CapSensDriver/src/CapSens.o
 .debug_macro   0x0000000000000e4e      0x1df ApplicationLayer/CapSensDriver/src/CapSens.o
 .debug_macro   0x000000000000102d       0x1c ApplicationLayer/CapSensDriver/src/CapSens.o
 .debug_macro   0x0000000000001049       0x22 ApplicationLayer/CapSensDriver/src/CapSens.o
 .debug_macro   0x000000000000106b       0xc3 ApplicationLayer/CapSensDriver/src/CapSens.o
 .debug_macro   0x000000000000112e      0xd23 ApplicationLayer/CapSensDriver/src/CapSens.o
 .debug_macro   0x0000000000001e51     0xe09e ApplicationLayer/CapSensDriver/src/CapSens.o
 .debug_macro   0x000000000000feef       0x43 ApplicationLayer/CapSensDriver/src/CapSens.o
 .debug_macro   0x000000000000ff32       0xd7 ApplicationLayer/CapSensDriver/src/CapSens.o
 .debug_macro   0x0000000000010009      0x2d6 ApplicationLayer/CapSensDriver/src/CapSens.o
 .debug_macro   0x00000000000102df       0x74 ApplicationLayer/CapSensDriver/src/CapSens.o
 .debug_macro   0x0000000000010353       0x2a ApplicationLayer/CapSensDriver/src/CapSens.o
 .debug_macro   0x000000000001037d      0x22a ApplicationLayer/CapSensDriver/src/CapSens.o
 .debug_macro   0x00000000000105a7      0x287 ApplicationLayer/CapSensDriver/src/CapSens.o
 .debug_macro   0x000000000001082e       0x40 ApplicationLayer/CapSensDriver/src/CapSens.o
 .debug_macro   0x000000000001086e       0x22 ApplicationLayer/CapSensDriver/src/CapSens.o
 .debug_macro   0x0000000000010890      0x8a1 ApplicationLayer/CapSensDriver/src/CapSens.o
 .debug_macro   0x0000000000011131      0x18c ApplicationLayer/CapSensDriver/src/CapSens.o
 .debug_macro   0x00000000000112bd      0x217 ApplicationLayer/Debug/src/debug.o
 .debug_macro   0x00000000000114d4      0x1b4 ApplicationLayer/Debug/src/debug.o
 .debug_macro   0x0000000000011688       0x34 ApplicationLayer/Debug/src/debug.o
 .debug_macro   0x00000000000116bc       0x46 ApplicationLayer/Debug/src/debug.o
 .debug_macro   0x0000000000011702       0x18 ApplicationLayer/Debug/src/debug.o
 .debug_macro   0x000000000001171a       0x3c ApplicationLayer/Debug/src/debug.o
 .debug_macro   0x0000000000011756       0x34 ApplicationLayer/Debug/src/debug.o
 .debug_macro   0x000000000001178a      0x174 ApplicationLayer/Debug/src/debug.o
 .debug_macro   0x00000000000118fe       0x52 ApplicationLayer/Debug/src/debug.o
 .debug_macro   0x0000000000011950       0x1f ApplicationLayer/Debug/src/debug.o
 .debug_macro   0x000000000001196f       0x43 ApplicationLayer/Debug/src/debug.o
 .debug_macro   0x00000000000119b2       0x20 ApplicationLayer/Debug/src/debug.o
 .debug_macro   0x00000000000119d2      0x1a3 ApplicationLayer/Debug/src/debug.o
 .debug_macro   0x0000000000011b75      0x32a ApplicationLayer/Debug/src/debug.o
 .debug_macro   0x0000000000011e9f       0x10 ApplicationLayer/Debug/src/debug.o
 .debug_macro   0x0000000000011eaf       0x35 ApplicationLayer/Debug/src/debug.o
 .debug_macro   0x0000000000011ee4       0x20 ApplicationLayer/Debug/src/debug.o
 .debug_macro   0x0000000000011f04       0x6a ApplicationLayer/Debug/src/debug.o
 .debug_macro   0x0000000000011f6e      0x13b ApplicationLayer/SensorProcessing/src/SensorProcessing.o
 .debug_macro   0x00000000000120a9       0x16 ApplicationLayer/SensorProcessing/src/SensorProcessing.o
 .debug_macro   0x00000000000120bf       0xce CMSIS/src/system_stm32f1xx.o
 .debug_macro   0x000000000001218d      0x23d Core/src/TaskManager.o
 .debug_macro   0x00000000000123ca       0x1c Core/src/TaskManager.o
 .debug_macro   0x00000000000123e6       0x1c Core/src/TaskManager.o
 .debug_macro   0x0000000000012402      0x12b Core/src/main.o
 .debug_macro   0x000000000001252d       0xe4 Core/src/scheduler.o
 .debug_macro   0x0000000000012611       0x6e Core/src/scheduler.o
 .debug_macro   0x000000000001267f       0x16 Core/src/scheduler.o
 .debug_macro   0x0000000000012695      0x122 Core/src/stm32f1xx_it.o
 .debug_macro   0x00000000000127b7       0xf8 LowLevelDrivers/src/stm32f1xx_ll_gpio.o
 .debug_macro   0x00000000000128af      0x224 LowLevelDrivers/src/stm32f1xx_ll_gpio.o
 .debug_macro   0x0000000000012ad3      0x133 LowLevelDrivers/src/stm32f1xx_ll_utils.o

.debug_line     0x0000000000000000     0x3ea1
 .debug_line    0x0000000000000000      0x78c ApplicationLayer/CapSensDriver/src/CapSens.o
 .debug_line    0x000000000000078c      0x8ae ApplicationLayer/Debug/src/debug.o
 .debug_line    0x000000000000103a      0x66a ApplicationLayer/SensorProcessing/src/SensorProcessing.o
 .debug_line    0x00000000000016a4      0x458 CMSIS/src/system_stm32f1xx.o
 .debug_line    0x0000000000001afc      0x7a6 Core/src/TaskManager.o
 .debug_line    0x00000000000022a2      0x533 Core/src/main.o
 .debug_line    0x00000000000027d5      0x4c4 Core/src/scheduler.o
 .debug_line    0x0000000000002c99      0x612 Core/src/stm32f1xx_it.o
 .debug_line    0x00000000000032ab      0x577 LowLevelDrivers/src/stm32f1xx_ll_gpio.o
 .debug_line    0x0000000000003822      0x602 LowLevelDrivers/src/stm32f1xx_ll_utils.o
 .debug_line    0x0000000000003e24       0x7d Startup/startup_stm32f103xb.o

.debug_str      0x0000000000000000    0x648b1
 .debug_str     0x0000000000000000    0x5eccd ApplicationLayer/CapSensDriver/src/CapSens.o
                                      0x5f051 (size before relaxing)
 .debug_str     0x000000000005eccd     0x45b1 ApplicationLayer/Debug/src/debug.o
                                      0x5cb86 (size before relaxing)
 .debug_str     0x000000000006327e      0x2ae ApplicationLayer/SensorProcessing/src/SensorProcessing.o
                                      0x582f0 (size before relaxing)
 .debug_str     0x000000000006352c       0x75 CMSIS/src/system_stm32f1xx.o
                                      0x54297 (size before relaxing)
 .debug_str     0x00000000000635a1       0xe8 Core/src/TaskManager.o
                                      0x62cfa (size before relaxing)
 .debug_str     0x0000000000063689       0xd8 Core/src/main.o
                                      0x58118 (size before relaxing)
 .debug_str     0x0000000000063761       0xc4 Core/src/scheduler.o
                                      0x546ac (size before relaxing)
 .debug_str     0x0000000000063825      0x17d Core/src/stm32f1xx_it.o
                                      0x5818a (size before relaxing)
 .debug_str     0x00000000000639a2      0x3bc LowLevelDrivers/src/stm32f1xx_ll_gpio.o
                                      0x55b58 (size before relaxing)
 .debug_str     0x0000000000063d5e      0xb24 LowLevelDrivers/src/stm32f1xx_ll_utils.o
                                      0x56399 (size before relaxing)
 .debug_str     0x0000000000064882       0x2f Startup/startup_stm32f103xb.o
                                         0x5a (size before relaxing)

.comment        0x0000000000000000       0x7b
 .comment       0x0000000000000000       0x7b ApplicationLayer/CapSensDriver/src/CapSens.o
                                         0x7c (size before relaxing)
 .comment       0x000000000000007b       0x7c ApplicationLayer/Debug/src/debug.o
 .comment       0x000000000000007b       0x7c ApplicationLayer/SensorProcessing/src/SensorProcessing.o
 .comment       0x000000000000007b       0x7c CMSIS/src/system_stm32f1xx.o
 .comment       0x000000000000007b       0x7c Core/src/TaskManager.o
 .comment       0x000000000000007b       0x7c Core/src/main.o
 .comment       0x000000000000007b       0x7c Core/src/scheduler.o
 .comment       0x000000000000007b       0x7c Core/src/stm32f1xx_it.o
 .comment       0x000000000000007b       0x7c LowLevelDrivers/src/stm32f1xx_ll_gpio.o
 .comment       0x000000000000007b       0x7c LowLevelDrivers/src/stm32f1xx_ll_utils.o

.debug_frame    0x0000000000000000      0x534
 .debug_frame   0x0000000000000000       0x7c ApplicationLayer/CapSensDriver/src/CapSens.o
 .debug_frame   0x000000000000007c       0x70 ApplicationLayer/Debug/src/debug.o
 .debug_frame   0x00000000000000ec       0xc4 ApplicationLayer/SensorProcessing/src/SensorProcessing.o
 .debug_frame   0x00000000000001b0       0x30 CMSIS/src/system_stm32f1xx.o
 .debug_frame   0x00000000000001e0       0x70 Core/src/TaskManager.o
 .debug_frame   0x0000000000000250       0x40 Core/src/main.o
 .debug_frame   0x0000000000000290       0x74 Core/src/scheduler.o
 .debug_frame   0x0000000000000304      0x100 Core/src/stm32f1xx_it.o
 .debug_frame   0x0000000000000404       0x58 LowLevelDrivers/src/stm32f1xx_ll_gpio.o
 .debug_frame   0x000000000000045c       0xac LowLevelDrivers/src/stm32f1xx_ll_utils.o
 .debug_frame   0x0000000000000508       0x2c c:/st/stm32cubeide_1.2.0/stm32cubeide/plugins/com.st.stm32cube.ide.mcu.externaltools.gnu-tools-for-stm32.7-2018-q2-update.win32_1.0.0.201904181610/tools/bin/../lib/gcc/arm-none-eabi/7.3.1/../../../../arm-none-eabi/lib/thumb/v7-m\libc_nano.a(lib_a-init.o)
