stm32f1xx_it.c:50:6:NMI_Handler	0	static
stm32f1xx_it.c:59:6:HardFault_Handler	0	static
stm32f1xx_it.c:72:6:MemManage_Handler	0	static
stm32f1xx_it.c:85:6:BusFault_Handler	0	static
stm32f1xx_it.c:98:6:UsageFault_Handler	0	static
stm32f1xx_it.c:111:6:SVC_Handler	0	static
stm32f1xx_it.c:120:6:DebugMon_Handler	0	static
stm32f1xx_it.c:129:6:PendSV_Handler	0	static
stm32f1xx_it.c:138:6:SysTick_Handler	8	static
stm32f1xx_it.c:155:6:ADC1_2_IRQHandler	0	static
stm32f1xx_it.c:165:6:DMA1_Channel1_IRQHandler	8	static
stm32f1xx_it.c:182:6:DMA1_Channel5_IRQHandler	8	static
stm32f1xx_it.c:197:6:DMA1_Channel4_IRQHandler	8	static
